Archive member included to satisfy reference by file (symbol)

/usr/lib/gcc/arm-none-eabi/12.2.0/../../../../arm-none-eabi/lib/thumb/v7e-m+dp/hard/libc_nano.a(lib_a-atexit.o)
                              /usr/lib/gcc/arm-none-eabi/12.2.0/../../../../arm-none-eabi/lib/thumb/v7e-m+dp/hard/crt0.o (atexit)
/usr/lib/gcc/arm-none-eabi/12.2.0/../../../../arm-none-eabi/lib/thumb/v7e-m+dp/hard/libc_nano.a(lib_a-errno.o)
                              ./Src/syscalls.o (__errno)
/usr/lib/gcc/arm-none-eabi/12.2.0/../../../../arm-none-eabi/lib/thumb/v7e-m+dp/hard/libc_nano.a(lib_a-exit.o)
                              /usr/lib/gcc/arm-none-eabi/12.2.0/../../../../arm-none-eabi/lib/thumb/v7e-m+dp/hard/crt0.o (exit)
/usr/lib/gcc/arm-none-eabi/12.2.0/../../../../arm-none-eabi/lib/thumb/v7e-m+dp/hard/libc_nano.a(lib_a-fini.o)
                              /usr/lib/gcc/arm-none-eabi/12.2.0/../../../../arm-none-eabi/lib/thumb/v7e-m+dp/hard/crt0.o (__libc_fini_array)
/usr/lib/gcc/arm-none-eabi/12.2.0/../../../../arm-none-eabi/lib/thumb/v7e-m+dp/hard/libc_nano.a(lib_a-impure.o)
                              /usr/lib/gcc/arm-none-eabi/12.2.0/../../../../arm-none-eabi/lib/thumb/v7e-m+dp/hard/libc_nano.a(lib_a-exit.o) (_global_impure_ptr)
/usr/lib/gcc/arm-none-eabi/12.2.0/../../../../arm-none-eabi/lib/thumb/v7e-m+dp/hard/libc_nano.a(lib_a-init.o)
                              /usr/lib/gcc/arm-none-eabi/12.2.0/../../../../arm-none-eabi/lib/thumb/v7e-m+dp/hard/crt0.o (__libc_init_array)
/usr/lib/gcc/arm-none-eabi/12.2.0/../../../../arm-none-eabi/lib/thumb/v7e-m+dp/hard/libc_nano.a(lib_a-memset.o)
                              /usr/lib/gcc/arm-none-eabi/12.2.0/../../../../arm-none-eabi/lib/thumb/v7e-m+dp/hard/crt0.o (memset)
/usr/lib/gcc/arm-none-eabi/12.2.0/../../../../arm-none-eabi/lib/thumb/v7e-m+dp/hard/libc_nano.a(lib_a-printf.o)
                              ./Src/main.o (printf)
/usr/lib/gcc/arm-none-eabi/12.2.0/../../../../arm-none-eabi/lib/thumb/v7e-m+dp/hard/libc_nano.a(lib_a-__atexit.o)
                              /usr/lib/gcc/arm-none-eabi/12.2.0/../../../../arm-none-eabi/lib/thumb/v7e-m+dp/hard/libc_nano.a(lib_a-atexit.o) (__register_exitproc)
/usr/lib/gcc/arm-none-eabi/12.2.0/../../../../arm-none-eabi/lib/thumb/v7e-m+dp/hard/libc_nano.a(lib_a-__call_atexit.o)
                              /usr/lib/gcc/arm-none-eabi/12.2.0/../../../../arm-none-eabi/lib/thumb/v7e-m+dp/hard/libc_nano.a(lib_a-__atexit.o) (__call_exitprocs)
/usr/lib/gcc/arm-none-eabi/12.2.0/../../../../arm-none-eabi/lib/thumb/v7e-m+dp/hard/libc_nano.a(lib_a-findfp.o)
                              /usr/lib/gcc/arm-none-eabi/12.2.0/../../../../arm-none-eabi/lib/thumb/v7e-m+dp/hard/libc_nano.a(lib_a-printf.o) (__sinit)
/usr/lib/gcc/arm-none-eabi/12.2.0/../../../../arm-none-eabi/lib/thumb/v7e-m+dp/hard/libc_nano.a(lib_a-fwalk.o)
                              /usr/lib/gcc/arm-none-eabi/12.2.0/../../../../arm-none-eabi/lib/thumb/v7e-m+dp/hard/libc_nano.a(lib_a-findfp.o) (_fwalk)
/usr/lib/gcc/arm-none-eabi/12.2.0/../../../../arm-none-eabi/lib/thumb/v7e-m+dp/hard/libc_nano.a(lib_a-lock.o)
                              /usr/lib/gcc/arm-none-eabi/12.2.0/../../../../arm-none-eabi/lib/thumb/v7e-m+dp/hard/libc_nano.a(lib_a-findfp.o) (__retarget_lock_init_recursive)
/usr/lib/gcc/arm-none-eabi/12.2.0/../../../../arm-none-eabi/lib/thumb/v7e-m+dp/hard/libc_nano.a(lib_a-nano-mallocr.o)
                              /usr/lib/gcc/arm-none-eabi/12.2.0/../../../../arm-none-eabi/lib/thumb/v7e-m+dp/hard/libc_nano.a(lib_a-findfp.o) (_malloc_r)
/usr/lib/gcc/arm-none-eabi/12.2.0/../../../../arm-none-eabi/lib/thumb/v7e-m+dp/hard/libc_nano.a(lib_a-nano-vfprintf.o)
                              /usr/lib/gcc/arm-none-eabi/12.2.0/../../../../arm-none-eabi/lib/thumb/v7e-m+dp/hard/libc_nano.a(lib_a-printf.o) (_vfprintf_r)
/usr/lib/gcc/arm-none-eabi/12.2.0/../../../../arm-none-eabi/lib/thumb/v7e-m+dp/hard/libc_nano.a(lib_a-sbrkr.o)
                              /usr/lib/gcc/arm-none-eabi/12.2.0/../../../../arm-none-eabi/lib/thumb/v7e-m+dp/hard/libc_nano.a(lib_a-nano-mallocr.o) (_sbrk_r)
/usr/lib/gcc/arm-none-eabi/12.2.0/../../../../arm-none-eabi/lib/thumb/v7e-m+dp/hard/libc_nano.a(lib_a-stdio.o)
                              /usr/lib/gcc/arm-none-eabi/12.2.0/../../../../arm-none-eabi/lib/thumb/v7e-m+dp/hard/libc_nano.a(lib_a-findfp.o) (__sread)
/usr/lib/gcc/arm-none-eabi/12.2.0/../../../../arm-none-eabi/lib/thumb/v7e-m+dp/hard/libc_nano.a(lib_a-wbuf.o)
                              /usr/lib/gcc/arm-none-eabi/12.2.0/../../../../arm-none-eabi/lib/thumb/v7e-m+dp/hard/libc_nano.a(lib_a-nano-vfprintf.o) (__swbuf_r)
/usr/lib/gcc/arm-none-eabi/12.2.0/../../../../arm-none-eabi/lib/thumb/v7e-m+dp/hard/libc_nano.a(lib_a-writer.o)
                              /usr/lib/gcc/arm-none-eabi/12.2.0/../../../../arm-none-eabi/lib/thumb/v7e-m+dp/hard/libc_nano.a(lib_a-stdio.o) (_write_r)
/usr/lib/gcc/arm-none-eabi/12.2.0/../../../../arm-none-eabi/lib/thumb/v7e-m+dp/hard/libc_nano.a(lib_a-wsetup.o)
[...]
Memory Configuration

Name             Origin             Length             Attributes
FLASH            0x0000000008000000 0x0000000000020000 xr
DTCMRAM          0x0000000020000000 0x0000000000020000 xrw
RAM_D1           0x0000000024000000 0x0000000000080000 xrw
RAM_D2           0x0000000030000000 0x0000000000048000 xrw
RAM_D3           0x0000000038000000 0x0000000000010000 xrw
ITCMRAM          0x0000000000000000 0x0000000000010000 xrw
*default*        0x0000000000000000 0xffffffffffffffff

Linker script and memory map

LOAD /usr/lib/gcc/arm-none-eabi/12.2.0/thumb/v7e-m+dp/hard/crti.o
LOAD /usr/lib/gcc/arm-none-eabi/12.2.0/thumb/v7e-m+dp/hard/crtbegin.o
LOAD /usr/lib/gcc/arm-none-eabi/12.2.0/../../../../arm-none-eabi/lib/thumb/v7e-m+dp/hard/crt0.o
LOAD ./Src/main.o
LOAD ./Src/syscalls.o
LOAD ./Src/sysmem.o
LOAD ./Src/uart.o
LOAD ./Startup/startup_stm32h750xbhx.o
START GROUP
LOAD /usr/lib/gcc/arm-none-eabi/12.2.0/../../../../arm-none-eabi/lib/thumb/v7e-m+dp/hard/libc_nano.a
LOAD /usr/lib/gcc/arm-none-eabi/12.2.0/../../../../arm-none-eabi/lib/thumb/v7e-m+dp/hard/libm.a
END GROUP
START GROUP
LOAD /usr/lib/gcc/arm-none-eabi/12.2.0/thumb/v7e-m+dp/hard/libgcc.a
LOAD /usr/lib/gcc/arm-none-eabi/12.2.0/../../../../arm-none-eabi/lib/thumb/v7e-m+dp/hard/libc_nano.a
END GROUP
START GROUP
LOAD /usr/lib/gcc/arm-none-eabi/12.2.0/thumb/v7e-m+dp/hard/libgcc.a
LOAD /usr/lib/gcc/arm-none-eabi/12.2.0/../../../../arm-none-eabi/lib/thumb/v7e-m+dp/hard/libc_nano.a
LOAD /usr/lib/gcc/arm-none-eabi/12.2.0/../../../../arm-none-eabi/lib/thumb/v7e-m+dp/hard/libnosys.a
END GROUP
START GROUP
LOAD /usr/lib/gcc/arm-none-eabi/12.2.0/thumb/v7e-m+dp/hard/libgcc.a
LOAD /usr/lib/gcc/arm-none-eabi/12.2.0/../../../../arm-none-eabi/lib/thumb/v7e-m+dp/hard/libc_nano.a
LOAD /usr/lib/gcc/arm-none-eabi/12.2.0/../../../../arm-none-eabi/lib/thumb/v7e-m+dp/hard/libnosys.a
END GROUP
LOAD /usr/lib/gcc/arm-none-eabi/12.2.0/thumb/v7e-m+dp/hard/crtend.o
LOAD /usr/lib/gcc/arm-none-eabi/12.2.0/thumb/v7e-m+dp/hard/crtn.o
                0x0000000024080000                _estack = (ORIGIN (RAM_D1) + LENGTH (RAM_D1))
                0x0000000000000200                _Min_Heap_Size = 0x200
                0x0000000000000400                _Min_Stack_Size = 0x400

.isr_vector     0x0000000008000000      0x298
                0x0000000008000000                . = ALIGN (0x4)
 *(.isr_vector)
 .isr_vector    0x0000000008000000      0x298 ./Startup/startup_stm32h750xbhx.o
                0x0000000008000000                g_pfnVectors
                0x0000000008000298                . = ALIGN (0x4)

.text           0x00000000080002a0     0x1358
                0x00000000080002a0                . = ALIGN (0x4)
 *(.text)
 .text          0x00000000080002a0       0xa0 /usr/lib/gcc/arm-none-eabi/12.2.0/../../../../arm-none-eabi/lib/thumb/v7e-m+dp/hard/libc_nano.a(lib_a-memchr.o)
                0x00000000080002a0                memchr
 *(.text*)
 .text.__do_global_dtors_aux
                0x0000000008000340       0x24 /usr/lib/gcc/arm-none-eabi/12.2.0/thumb/v7e-m+dp/hard/crtbegin.o
 .text.frame_dummy
                0x0000000008000364       0x1c /usr/lib/gcc/arm-none-eabi/12.2.0/thumb/v7e-m+dp/hard/crtbegin.o
 .text.main     0x0000000008000380       0x14 ./Src/main.o
                0x0000000008000380                main
 .text._read    0x0000000008000394       0x3a ./Src/syscalls.o
                0x0000000008000394                _read
 .text._write   0x00000000080003ce       0x38 ./Src/syscalls.o
                0x00000000080003ce                _write
 .text._close   0x0000000008000406       0x18 ./Src/syscalls.o
                0x0000000008000406                _close
 .text._fstat   0x000000000800041e       0x20 ./Src/syscalls.o
                0x000000000800041e                _fstat
 .text._isatty  0x000000000800043e       0x16 ./Src/syscalls.o
                0x000000000800043e                _isatty
 .text._lseek   0x0000000008000454       0x1a ./Src/syscalls.o
                0x0000000008000454                _lseek
 *fill*         0x000000000800046e        0x2 
 .text._sbrk    0x0000000008000470       0x6c ./Src/sysmem.o
                0x0000000008000470                _sbrk
 .text.__io_putchar
                0x00000000080004dc       0x18 ./Src/uart.o
                0x00000000080004dc                __io_putchar
 .text.uart3_tx_init
                0x00000000080004f4       0xb0 ./Src/uart.o
                0x00000000080004f4                uart3_tx_init
 .text.uart_set_baudrate
                0x00000000080005a4       0x24 ./Src/uart.o
 .text.compute_uart_baudrate
                0x00000000080005c8       0x1e ./Src/uart.o
 *fill*         0x00000000080005e6        0x2 
 .text.uart3_write
                0x00000000080005e8       0x30 ./Src/uart.o
                0x00000000080005e8                uart3_write
 .text.Reset_Handler
                0x0000000008000618       0x50 ./Startup/startup_stm32h750xbhx.o
                0x0000000008000618                Reset_Handler
 .text.Default_Handler
                0x0000000008000668        0x2 ./Startup/startup_stm32h750xbhx.o
                0x0000000008000668                HASH_RNG_IRQHandler
                0x0000000008000668                EXTI2_IRQHandler
                0x0000000008000668                TIM8_CC_IRQHandler
                0x0000000008000668                DMA_STR2_IRQHandler
                0x0000000008000668                DebugMon_Handler
                0x0000000008000668                UART8_IRQHandler
                0x0000000008000668                SPI4_IRQHandler
                0x0000000008000668                HRTIM1_MST_IRQHandler
                0x0000000008000668                HardFault_Handler
                0x0000000008000668                DMA_STR5_IRQHandler
                0x0000000008000668                HRTIM1_FLT_IRQHandler
                0x0000000008000668                JPEG_IRQHandler
                0x0000000008000668                SysTick_Handler
                0x0000000008000668                DMA2_STR1_IRQHandler
                0x0000000008000668                DMA2_STR5_IRQHandler
                0x0000000008000668                HRTIM1_TIMD_IRQHandler
                0x0000000008000668                PendSV_Handler
                0x0000000008000668                NMI_Handler
                0x0000000008000668                EXTI3_IRQHandler
                0x0000000008000668                LPTIM4_IRQHandler
                0x0000000008000668                TIM8_TRG_COM_TIM14_IRQHandler
                0x0000000008000668                LPTIM2_IRQHandler
                0x0000000008000668                DFSDM1_FLT1_IRQHandler
                0x0000000008000668                DMAMUX2_OVR_IRQHandler
                0x0000000008000668                TIM8_UP_TIM13_IRQHandler
                0x0000000008000668                I2C3_ER_IRQHandler
                0x0000000008000668                DFSDM1_FLT2_IRQHandler
                0x0000000008000668                MDMA_IRQHandler
                0x0000000008000668                LPTIM3_IRQHandler
                0x0000000008000668                EXTI0_IRQHandler
                0x0000000008000668                I2C2_EV_IRQHandler
                0x0000000008000668                FPU_IRQHandler
                0x0000000008000668                DMA_STR1_IRQHandler
                0x0000000008000668                OTG_HS_WKUP_IRQHandler
                0x0000000008000668                FDCAN1_IT1_IRQHandler
                0x0000000008000668                UsageFault_Handler
                0x0000000008000668                LTDC_ER_IRQHandler
                0x0000000008000668                ADC1_2_IRQHandler
                0x0000000008000668                SPI1_IRQHandler
                0x0000000008000668                BDMA_CH2_IRQHandler
                0x0000000008000668                TIM6_DAC_IRQHandler
                0x0000000008000668                DCMI_IRQHandler
                0x0000000008000668                HRTIM1_TIMC_IRQHandler
                0x0000000008000668                SDMMC_IRQHandler
                0x0000000008000668                RTC_ALARM_IRQHandler
                0x0000000008000668                DMA_STR0_IRQHandler
                0x0000000008000668                SAI2_IRQHandler
                0x0000000008000668                DMA2_STR3_IRQHandler
                0x0000000008000668                DFSDM1_FLT3_IRQHandler
                0x0000000008000668                USART6_IRQHandler
                0x0000000008000668                BDMA_CH5_IRQHandler
                0x0000000008000668                TIM17_IRQHandler
                0x0000000008000668                BDMA_CH6_IRQHandler
                0x0000000008000668                USART3_IRQHandler
                0x0000000008000668                WKUP_IRQHandler
                0x0000000008000668                CRYP_IRQHandler
                0x0000000008000668                BDMA_CH3_IRQHandler
                0x0000000008000668                LPTIM5_IRQHandler
                0x0000000008000668                LPUART_IRQHandler
                0x0000000008000668                UART5_IRQHandler
                0x0000000008000668                ADC3_IRQHandler
                0x0000000008000668                DMA_STR6_IRQHandler
                0x0000000008000668                TIM4_IRQHandler
                0x0000000008000668                QUADSPI_IRQHandler
                0x0000000008000668                I2C1_EV_IRQHandler
                0x0000000008000668                DMA1_STR7_IRQHandler
                0x0000000008000668                TIM16_IRQHandler
                0x0000000008000668                UART4_IRQHandler
                0x0000000008000668                TIM3_IRQHandler
                0x0000000008000668                RCC_IRQHandler
                0x0000000008000668                TIM8_BRK_TIM12_IRQHandler
                0x0000000008000668                TIM1_TRG_COM_IRQHandler
                0x0000000008000668                Default_Handler
                0x0000000008000668                HRTIM_TIMB_IRQHandler
                0x0000000008000668                CEC_IRQHandler
                0x0000000008000668                EXTI15_10_IRQHandler
                0x0000000008000668                BDMA_CH4_IRQHandler
                0x0000000008000668                DMA_STR3_IRQHandler
                0x0000000008000668                HRTIM_TIME_IRQHandler
                0x0000000008000668                HRTIM1_TIMA_IRQHandler
                0x0000000008000668                SPI5_IRQHandler
                0x0000000008000668                TIM7_IRQHandler
                0x0000000008000668                SDMMC1_IRQHandler
                0x0000000008000668                TIM5_IRQHandler
                0x0000000008000668                SPDIF_IRQHandler
                0x0000000008000668                TIM15_IRQHandler
                0x0000000008000668                I2C3_EV_IRQHandler
                0x0000000008000668                WWDG1_RST_IRQHandler
                0x0000000008000668                EXTI9_5_IRQHandler
                0x0000000008000668                DMA2_STR4_IRQHandler
                0x0000000008000668                RTC_WKUP_IRQHandler
                0x0000000008000668                DMA2_STR6_IRQHandler
                0x0000000008000668                LTDC_IRQHandler
                0x0000000008000668                SAI3_IRQHandler
                0x0000000008000668                ETH_WKUP_IRQHandler
                0x0000000008000668                PVD_PVM_IRQHandler
                0x0000000008000668                SPI2_IRQHandler
                0x0000000008000668                OTG_HS_EP1_IN_IRQHandler
                0x0000000008000668                MemManage_Handler
                0x0000000008000668                DMA2_STR0_IRQHandler
                0x0000000008000668                SVC_Handler
                0x0000000008000668                CRS_IRQHandler
                0x0000000008000668                EXTI4_IRQHandler
                0x0000000008000668                DMAMUX1_OV_IRQHandler
                0x0000000008000668                FDCAN2_IT1_IRQHandler
                0x0000000008000668                DMA_STR4_IRQHandler
                0x0000000008000668                COMP_IRQHandler
                0x0000000008000668                DMA2_STR2_IRQHandler
                0x0000000008000668                ETH_IRQHandler
                0x0000000008000668                TIM1_UP_IRQHandler
                0x0000000008000668                DMA2_STR7_IRQHandler
                0x0000000008000668                OTG_HS_EP1_OUT_IRQHandler
                0x0000000008000668                SPI6_IRQHandler
                0x0000000008000668                MDIOS_IRQHandler
                0x0000000008000668                I2C4_EV_IRQHandler
                0x0000000008000668                FDCAN2_IT0_IRQHandler
                0x0000000008000668                BDMA_CH7_IRQHandler
                0x0000000008000668                FDCAN1_IT0_IRQHandler
                0x0000000008000668                TIM2_IRQHandler
                0x0000000008000668                HSEM0_IRQHandler
                0x0000000008000668                OTG_FS_WKUP_IRQHandler
                0x0000000008000668                OTG_HS_IRQHandler
                0x0000000008000668                DMA2D_IRQHandler
                0x0000000008000668                TIM1_BRK_IRQHandler
                0x0000000008000668                EXTI1_IRQHandler
                0x0000000008000668                OTG_FS_EP1_OUT_IRQHandler
                0x0000000008000668                UART7_IRQHandler
                0x0000000008000668                MDIOS_WKUP_IRQHandler
                0x0000000008000668                USART2_IRQHandler
                0x0000000008000668                DFSDM1_FLT0_IRQHandler
                0x0000000008000668                SAI4_IRQHandler
                0x0000000008000668                I2C2_ER_IRQHandler
                0x0000000008000668                FLASH_IRQHandler
                0x0000000008000668                WWDG1_IRQHandler
                0x0000000008000668                BusFault_Handler
                0x0000000008000668                USART1_IRQHandler
                0x0000000008000668                OTG_FS_IRQHandler
                0x0000000008000668                SPI3_IRQHandler
                0x0000000008000668                OTG_FS_EP1_IN_IRQHandler
                0x0000000008000668                I2C1_ER_IRQHandler
                0x0000000008000668                FMC_IRQHandler
                0x0000000008000668                BDMA_CH1_IRQHandler
                0x0000000008000668                SWPMI1_IRQHandler
                0x0000000008000668                LPTIM1_IRQHandler
                0x0000000008000668                BDMA_CH8_IRQHandler
                0x0000000008000668                TIM_CC_IRQHandler
                0x0000000008000668                I2C4_ER_IRQHandler
                0x0000000008000668                SAI1_IRQHandler
                0x0000000008000668                RTC_TAMP_STAMP_CSS_LSE_IRQHandler
 *fill*         0x000000000800066a        0x2 
 .text.__errno  0x000000000800066c        0xc /usr/lib/gcc/arm-none-eabi/12.2.0/../../../../arm-none-eabi/lib/thumb/v7e-m+dp/hard/libc_nano.a(lib_a-errno.o)
                0x000000000800066c                __errno
 .text.__libc_init_array
                0x0000000008000678       0x48 /usr/lib/gcc/arm-none-eabi/12.2.0/../../../../arm-none-eabi/lib/thumb/v7e-m+dp/hard/libc_nano.a(lib_a-init.o)
                0x0000000008000678                __libc_init_array
 .text.memset   0x00000000080006c0       0x10 /usr/lib/gcc/arm-none-eabi/12.2.0/../../../../arm-none-eabi/lib/thumb/v7e-m+dp/hard/libc_nano.a(lib_a-memset.o)
                0x00000000080006c0                memset
 .text.printf   0x00000000080006d0       0x30 /usr/lib/gcc/arm-none-eabi/12.2.0/../../../../arm-none-eabi/lib/thumb/v7e-m+dp/hard/libc_nano.a(lib_a-printf.o)
                0x00000000080006d0                printf
                0x00000000080006d0                iprintf
 .text.std      0x0000000008000700       0x48 /usr/lib/gcc/arm-none-eabi/12.2.0/../../../../arm-none-eabi/lib/thumb/v7e-m+dp/hard/libc_nano.a(lib_a-findfp.o)
 .text._cleanup_r
                0x0000000008000748        0xc /usr/lib/gcc/arm-none-eabi/12.2.0/../../../../arm-none-eabi/lib/thumb/v7e-m+dp/hard/libc_nano.a(lib_a-findfp.o)
                0x0000000008000748                _cleanup_r
 .text.__sfmoreglue
                0x0000000008000754       0x2c /usr/lib/gcc/arm-none-eabi/12.2.0/../../../../arm-none-eabi/lib/thumb/v7e-m+dp/hard/libc_nano.a(lib_a-findfp.o)
                0x0000000008000754                __sfmoreglue
 .text.__sfp_lock_acquire
                0x0000000008000780        0xc /usr/lib/gcc/arm-none-eabi/12.2.0/../../../../arm-none-eabi/lib/thumb/v7e-m+dp/hard/libc_nano.a(lib_a-findfp.o)
                0x0000000008000780                __sfp_lock_acquire
 .text.__sfp_lock_release
                0x000000000800078c        0xc /usr/lib/gcc/arm-none-eabi/12.2.0/../../../../arm-none-eabi/lib/thumb/v7e-m+dp/hard/libc_nano.a(lib_a-findfp.o)
                0x000000000800078c                __sfp_lock_release
 .text.__sinit_lock_acquire
                0x0000000008000798        0xc /usr/lib/gcc/arm-none-eabi/12.2.0/../../../../arm-none-eabi/lib/thumb/v7e-m+dp/hard/libc_nano.a(lib_a-findfp.o)
                0x0000000008000798                __sinit_lock_acquire
 .text.__sinit_lock_release
                0x00000000080007a4        0xc /usr/lib/gcc/arm-none-eabi/12.2.0/../../../../arm-none-eabi/lib/thumb/v7e-m+dp/hard/libc_nano.a(lib_a-findfp.o)
                0x00000000080007a4                __sinit_lock_release
 .text.__sinit  0x00000000080007b0       0x70 /usr/lib/gcc/arm-none-eabi/12.2.0/../../../../arm-none-eabi/lib/thumb/v7e-m+dp/hard/libc_nano.a(lib_a-findfp.o)
                0x00000000080007b0                __sinit
 .text.__sfp    0x0000000008000820       0x8c /usr/lib/gcc/arm-none-eabi/12.2.0/../../../../arm-none-eabi/lib/thumb/v7e-m+dp/hard/libc_nano.a(lib_a-findfp.o)
                0x0000000008000820                __sfp
 .text._fwalk_reent
                0x00000000080008ac       0x3e /usr/lib/gcc/arm-none-eabi/12.2.0/../../../../arm-none-eabi/lib/thumb/v7e-m+dp/hard/libc_nano.a(lib_a-fwalk.o)
                0x00000000080008ac                _fwalk_reent
 .text.__retarget_lock_init_recursive
                0x00000000080008ea        0x2 /usr/lib/gcc/arm-none-eabi/12.2.0/../../../../arm-none-eabi/lib/thumb/v7e-m+dp/hard/libc_nano.a(lib_a-lock.o)
                0x00000000080008ea                __retarget_lock_init_recursive
 .text.__retarget_lock_acquire_recursive
                0x00000000080008ec        0x2 /usr/lib/gcc/arm-none-eabi/12.2.0/../../../../arm-none-eabi/lib/thumb/v7e-m+dp/hard/libc_nano.a(lib_a-lock.o)
                0x00000000080008ec                __retarget_lock_acquire_recursive
 .text.__retarget_lock_release_recursive
                0x00000000080008ee        0x2 /usr/lib/gcc/arm-none-eabi/12.2.0/../../../../arm-none-eabi/lib/thumb/v7e-m+dp/hard/libc_nano.a(lib_a-lock.o)
                0x00000000080008ee                __retarget_lock_release_recursive
 .text.sbrk_aligned
                0x00000000080008f0       0x40 /usr/lib/gcc/arm-none-eabi/12.2.0/../../../../arm-none-eabi/lib/thumb/v7e-m+dp/hard/libc_nano.a(lib_a-nano-mallocr.o)
 .text._malloc_r
                0x0000000008000930       0xe8 /usr/lib/gcc/arm-none-eabi/12.2.0/../../../../arm-none-eabi/lib/thumb/v7e-m+dp/hard/libc_nano.a(lib_a-nano-mallocr.o)
                0x0000000008000930                _malloc_r
 .text.__sfputc_r
                0x0000000008000a18       0x2e /usr/lib/gcc/arm-none-eabi/12.2.0/../../../../arm-none-eabi/lib/thumb/v7e-m+dp/hard/libc_nano.a(lib_a-nano-vfprintf.o)
 .text.__sfputs_r
                0x0000000008000a46       0x24 /usr/lib/gcc/arm-none-eabi/12.2.0/../../../../arm-none-eabi/lib/thumb/v7e-m+dp/hard/libc_nano.a(lib_a-nano-vfprintf.o)
                0x0000000008000a46                __sfputs_r
 *fill*         0x0000000008000a6a        0x2 
 .text._vfprintf_r
                0x0000000008000a6c      0x25c /usr/lib/gcc/arm-none-eabi/12.2.0/../../../../arm-none-eabi/lib/thumb/v7e-m+dp/hard/libc_nano.a(lib_a-nano-vfprintf.o)
                0x0000000008000a6c                _vfiprintf_r
                0x0000000008000a6c                _vfprintf_r
 .text._sbrk_r  0x0000000008000cc8       0x20 /usr/lib/gcc/arm-none-eabi/12.2.0/../../../../arm-none-eabi/lib/thumb/v7e-m+dp/hard/libc_nano.a(lib_a-sbrkr.o)
                0x0000000008000cc8                _sbrk_r
 .text.__sread  0x0000000008000ce8       0x22 /usr/lib/gcc/arm-none-eabi/12.2.0/../../../../arm-none-eabi/lib/thumb/v7e-m+dp/hard/libc_nano.a(lib_a-stdio.o)
                0x0000000008000ce8                __sread
 .text.__swrite
                0x0000000008000d0a       0x38 /usr/lib/gcc/arm-none-eabi/12.2.0/../../../../arm-none-eabi/lib/thumb/v7e-m+dp/hard/libc_nano.a(lib_a-stdio.o)
                0x0000000008000d0a                __swrite
 .text.__sseek  0x0000000008000d42       0x24 /usr/lib/gcc/arm-none-eabi/12.2.0/../../../../arm-none-eabi/lib/thumb/v7e-m+dp/hard/libc_nano.a(lib_a-stdio.o)
                0x0000000008000d42                __sseek
 .text.__sclose
                0x0000000008000d66        0x8 /usr/lib/gcc/arm-none-eabi/12.2.0/../../../../arm-none-eabi/lib/thumb/v7e-m+dp/hard/libc_nano.a(lib_a-stdio.o)
                0x0000000008000d66                __sclose
 *fill*         0x0000000008000d6e        0x2 
 .text.__swbuf_r
                0x0000000008000d70       0xa4 /usr/lib/gcc/arm-none-eabi/12.2.0/../../../../arm-none-eabi/lib/thumb/v7e-m+dp/hard/libc_nano.a(lib_a-wbuf.o)
                0x0000000008000d70                __swbuf_r
 .text._write_r
                0x0000000008000e14       0x24 /usr/lib/gcc/arm-none-eabi/12.2.0/../../../../arm-none-eabi/lib/thumb/v7e-m+dp/hard/libc_nano.a(lib_a-writer.o)
                0x0000000008000e14                _write_r
 .text.__swsetup_r
                0x0000000008000e38       0xdc /usr/lib/gcc/arm-none-eabi/12.2.0/../../../../arm-none-eabi/lib/thumb/v7e-m+dp/hard/libc_nano.a(lib_a-wsetup.o)
                0x0000000008000e38                __swsetup_r
 .text._close_r
                0x0000000008000f14       0x20 /usr/lib/gcc/arm-none-eabi/12.2.0/../../../../arm-none-eabi/lib/thumb/v7e-m+dp/hard/libc_nano.a(lib_a-closer.o)
                0x0000000008000f14                _close_r
 .text.__sflush_r
                0x0000000008000f34      0x10c /usr/lib/gcc/arm-none-eabi/12.2.0/../../../../arm-none-eabi/lib/thumb/v7e-m+dp/hard/libc_nano.a(lib_a-fflush.o)
                0x0000000008000f34                __sflush_r
 .text._fflush_r
                0x0000000008001040       0x78 /usr/lib/gcc/arm-none-eabi/12.2.0/../../../../arm-none-eabi/lib/thumb/v7e-m+dp/hard/libc_nano.a(lib_a-fflush.o)
                0x0000000008001040                _fflush_r
 .text._lseek_r
                0x00000000080010b8       0x24 /usr/lib/gcc/arm-none-eabi/12.2.0/../../../../arm-none-eabi/lib/thumb/v7e-m+dp/hard/libc_nano.a(lib_a-lseekr.o)
                0x00000000080010b8                _lseek_r
 .text.__swhatbuf_r
                0x00000000080010dc       0x4c /usr/lib/gcc/arm-none-eabi/12.2.0/../../../../arm-none-eabi/lib/thumb/v7e-m+dp/hard/libc_nano.a(lib_a-makebuf.o)
                0x00000000080010dc                __swhatbuf_r
 .text.__smakebuf_r
                0x0000000008001128       0x80 /usr/lib/gcc/arm-none-eabi/12.2.0/../../../../arm-none-eabi/lib/thumb/v7e-m+dp/hard/libc_nano.a(lib_a-makebuf.o)
                0x0000000008001128                __smakebuf_r
 .text.__malloc_lock
                0x00000000080011a8        0xc /usr/lib/gcc/arm-none-eabi/12.2.0/../../../../arm-none-eabi/lib/thumb/v7e-m+dp/hard/libc_nano.a(lib_a-mlock.o)
                0x00000000080011a8                __malloc_lock
 .text.__malloc_unlock
                0x00000000080011b4        0xc /usr/lib/gcc/arm-none-eabi/12.2.0/../../../../arm-none-eabi/lib/thumb/v7e-m+dp/hard/libc_nano.a(lib_a-mlock.o)
                0x00000000080011b4                __malloc_unlock
 .text._free_r  0x00000000080011c0       0x98 /usr/lib/gcc/arm-none-eabi/12.2.0/../../../../arm-none-eabi/lib/thumb/v7e-m+dp/hard/libc_nano.a(lib_a-nano-freer.o)
                0x00000000080011c0                _free_r
 .text._printf_common
                0x0000000008001258       0xda /usr/lib/gcc/arm-none-eabi/12.2.0/../../../../arm-none-eabi/lib/thumb/v7e-m+dp/hard/libc_nano.a(lib_a-nano-vfprintf_i.o)
                0x0000000008001258                _printf_common
 *fill*         0x0000000008001332        0x2 
 .text._printf_i
                0x0000000008001334      0x244 /usr/lib/gcc/arm-none-eabi/12.2.0/../../../../arm-none-eabi/lib/thumb/v7e-m+dp/hard/libc_nano.a(lib_a-nano-vfprintf_i.o)
                0x0000000008001334                _printf_i
 .text._read_r  0x0000000008001578       0x24 /usr/lib/gcc/arm-none-eabi/12.2.0/../../../../arm-none-eabi/lib/thumb/v7e-m+dp/hard/libc_nano.a(lib_a-readr.o)
                0x0000000008001578                _read_r
 .text._fstat_r
                0x000000000800159c       0x24 /usr/lib/gcc/arm-none-eabi/12.2.0/../../../../arm-none-eabi/lib/thumb/v7e-m+dp/hard/libc_nano.a(lib_a-fstatr.o)
                0x000000000800159c                _fstat_r
 .text._isatty_r
                0x00000000080015c0       0x20 /usr/lib/gcc/arm-none-eabi/12.2.0/../../../../arm-none-eabi/lib/thumb/v7e-m+dp/hard/libc_nano.a(lib_a-isattyr.o)
                0x00000000080015c0                _isatty_r
 *(.glue_7)
 .glue_7        0x00000000080015e0        0x0 linker stubs
 *(.glue_7t)
 .glue_7t       0x00000000080015e0        0x0 linker stubs
 *(.eh_frame)
 .eh_frame      0x00000000080015e0        0x0 /usr/lib/gcc/arm-none-eabi/12.2.0/thumb/v7e-m+dp/hard/crtbegin.o
 *(.init)
 .init          0x00000000080015e0        0x4 /usr/lib/gcc/arm-none-eabi/12.2.0/thumb/v7e-m+dp/hard/crti.o
                0x00000000080015e0                _init
 .init          0x00000000080015e4        0x8 /usr/lib/gcc/arm-none-eabi/12.2.0/thumb/v7e-m+dp/hard/crtn.o
 *(.fini)
 .fini          0x00000000080015ec        0x4 /usr/lib/gcc/arm-none-eabi/12.2.0/thumb/v7e-m+dp/hard/crti.o
                0x00000000080015ec                _fini
 .fini          0x00000000080015f0        0x8 /usr/lib/gcc/arm-none-eabi/12.2.0/thumb/v7e-m+dp/hard/crtn.o
                0x00000000080015f8                . = ALIGN (0x4)
                0x00000000080015f8                _etext = .

.vfp11_veneer   0x00000000080015f8        0x0
 .vfp11_veneer  0x00000000080015f8        0x0 linker stubs

.v4_bx          0x00000000080015f8        0x0
 .v4_bx         0x00000000080015f8        0x0 linker stubs

.iplt           0x00000000080015f8        0x0
 .iplt          0x00000000080015f8        0x0 /usr/lib/gcc/arm-none-eabi/12.2.0/thumb/v7e-m+dp/hard/crtbegin.o

.rodata         0x00000000080015f8       0xb0
                0x00000000080015f8                . = ALIGN (0x4)
 *(.rodata)
 .rodata        0x00000000080015f8       0x17 ./Src/main.o
 *(.rodata*)
 *fill*         0x000000000800160f        0x1 
 .rodata._global_impure_ptr
                0x0000000008001610        0x4 /usr/lib/gcc/arm-none-eabi/12.2.0/../../../../arm-none-eabi/lib/thumb/v7e-m+dp/hard/libc_nano.a(lib_a-impure.o)
                0x0000000008001610                _global_impure_ptr
 .rodata.__sf_fake_stderr
                0x0000000008001614       0x20 /usr/lib/gcc/arm-none-eabi/12.2.0/../../../../arm-none-eabi/lib/thumb/v7e-m+dp/hard/libc_nano.a(lib_a-findfp.o)
                0x0000000008001614                __sf_fake_stderr
 .rodata.__sf_fake_stdin
                0x0000000008001634       0x20 /usr/lib/gcc/arm-none-eabi/12.2.0/../../../../arm-none-eabi/lib/thumb/v7e-m+dp/hard/libc_nano.a(lib_a-findfp.o)
                0x0000000008001634                __sf_fake_stdin
 .rodata.__sf_fake_stdout
                0x0000000008001654       0x20 /usr/lib/gcc/arm-none-eabi/12.2.0/../../../../arm-none-eabi/lib/thumb/v7e-m+dp/hard/libc_nano.a(lib_a-findfp.o)
                0x0000000008001654                __sf_fake_stdout
 .rodata._vfprintf_r.str1.1
                0x0000000008001674       0x11 /usr/lib/gcc/arm-none-eabi/12.2.0/../../../../arm-none-eabi/lib/thumb/v7e-m+dp/hard/libc_nano.a(lib_a-nano-vfprintf.o)
 .rodata._printf_i.str1.1
                0x0000000008001685       0x22 /usr/lib/gcc/arm-none-eabi/12.2.0/../../../../arm-none-eabi/lib/thumb/v7e-m+dp/hard/libc_nano.a(lib_a-nano-vfprintf_i.o)
                0x00000000080016a8                . = ALIGN (0x4)
 *fill*         0x00000000080016a7        0x1 

.rel.dyn        0x00000000080016a8        0x0
 .rel.iplt      0x00000000080016a8        0x0 /usr/lib/gcc/arm-none-eabi/12.2.0/thumb/v7e-m+dp/hard/crtbegin.o

.ARM.extab
 *(.ARM.extab* .gnu.linkonce.armextab.*)

.ARM            0x00000000080016a8        0x0
                0x00000000080016a8                __exidx_start = .
 *(.ARM.exidx*)
                0x00000000080016a8                __exidx_end = .

.preinit_array  0x00000000080016a8        0x0
                0x00000000080016a8                PROVIDE (__preinit_array_start = .)
 *(.preinit_array*)
                0x00000000080016a8                PROVIDE (__preinit_array_end = .)

.init_array     0x00000000080016a8        0x4
                0x00000000080016a8                PROVIDE (__init_array_start = .)
 *(SORT_BY_NAME(.init_array.*))
 *(.init_array*)
 .init_array    0x00000000080016a8        0x4 /usr/lib/gcc/arm-none-eabi/12.2.0/thumb/v7e-m+dp/hard/crtbegin.o
                0x00000000080016ac                PROVIDE (__init_array_end = .)

.fini_array     0x00000000080016ac        0x4
                0x00000000080016ac                PROVIDE (__fini_array_start = .)
 *(SORT_BY_NAME(.fini_array.*))
 *(.fini_array*)
 .fini_array    0x00000000080016ac        0x4 /usr/lib/gcc/arm-none-eabi/12.2.0/thumb/v7e-m+dp/hard/crtbegin.o
                0x00000000080016b0                PROVIDE (__fini_array_end = .)
                0x00000000080016b0                _sidata = LOADADDR (.data)

.data           0x0000000024000000       0x64 load address 0x00000000080016b0
                0x0000000024000000                . = ALIGN (0x4)
                0x0000000024000000                _sdata = .
 *(.data)
 *(.data*)
 .data._impure_ptr
                0x0000000024000000        0x4 /usr/lib/gcc/arm-none-eabi/12.2.0/../../../../arm-none-eabi/lib/thumb/v7e-m+dp/hard/libc_nano.a(lib_a-impure.o)
                0x0000000024000000                _impure_ptr
 .data.impure_data
                0x0000000024000004       0x60 /usr/lib/gcc/arm-none-eabi/12.2.0/../../../../arm-none-eabi/lib/thumb/v7e-m+dp/hard/libc_nano.a(lib_a-impure.o)
 *(.RamFunc)
 *(.RamFunc*)
                0x0000000024000064                . = ALIGN (0x4)
                0x0000000024000064                _edata = .

.igot.plt       0x0000000024000064        0x0 load address 0x0000000008001714
 .igot.plt      0x0000000024000064        0x0 /usr/lib/gcc/arm-none-eabi/12.2.0/thumb/v7e-m+dp/hard/crtbegin.o
                0x0000000024000064                . = ALIGN (0x4)

.bss            0x0000000024000064       0x30 load address 0x0000000008001714
                0x0000000024000064                _sbss = .
                0x0000000024000064                __bss_start__ = _sbss
 *(.bss)
 *(.bss*)
 .bss.completed.1
                0x0000000024000064        0x1 /usr/lib/gcc/arm-none-eabi/12.2.0/thumb/v7e-m+dp/hard/crtbegin.o
 *fill*         0x0000000024000065        0x3 
 .bss.object.0  0x0000000024000068       0x18 /usr/lib/gcc/arm-none-eabi/12.2.0/thumb/v7e-m+dp/hard/crtbegin.o
 .bss.__sbrk_heap_end
                0x0000000024000080        0x4 ./Src/sysmem.o
 .bss.__lock___malloc_recursive_mutex
                0x0000000024000084        0x1 /usr/lib/gcc/arm-none-eabi/12.2.0/../../../../arm-none-eabi/lib/thumb/v7e-m+dp/hard/libc_nano.a(lib_a-lock.o)
                0x0000000024000084                __lock___malloc_recursive_mutex
 .bss.__lock___sfp_recursive_mutex
                0x0000000024000085        0x1 /usr/lib/gcc/arm-none-eabi/12.2.0/../../../../arm-none-eabi/lib/thumb/v7e-m+dp/hard/libc_nano.a(lib_a-lock.o)
                0x0000000024000085                __lock___sfp_recursive_mutex
 .bss.__lock___sinit_recursive_mutex
                0x0000000024000086        0x1 /usr/lib/gcc/arm-none-eabi/12.2.0/../../../../arm-none-eabi/lib/thumb/v7e-m+dp/hard/libc_nano.a(lib_a-lock.o)
                0x0000000024000086                __lock___sinit_recursive_mutex
 *fill*         0x0000000024000087        0x1 
 .bss.__malloc_free_list
                0x0000000024000088        0x4 /usr/lib/gcc/arm-none-eabi/12.2.0/../../../../arm-none-eabi/lib/thumb/v7e-m+dp/hard/libc_nano.a(lib_a-nano-mallocr.o)
                0x0000000024000088                __malloc_free_list
 .bss.__malloc_sbrk_start
                0x000000002400008c        0x4 /usr/lib/gcc/arm-none-eabi/12.2.0/../../../../arm-none-eabi/lib/thumb/v7e-m+dp/hard/libc_nano.a(lib_a-nano-mallocr.o)
                0x000000002400008c                __malloc_sbrk_start
 .bss.errno     0x0000000024000090        0x4 /usr/lib/gcc/arm-none-eabi/12.2.0/../../../../arm-none-eabi/lib/thumb/v7e-m+dp/hard/libc_nano.a(lib_a-reent.o)
                0x0000000024000090                errno
 *(COMMON)
                0x0000000024000094                . = ALIGN (0x4)
                0x0000000024000094                _ebss = .
                0x0000000024000094                __bss_end__ = _ebss

._user_heap_stack
                0x0000000024000094      0x604 load address 0x0000000008001714
                0x0000000024000098                . = ALIGN (0x8)
 *fill*         0x0000000024000094        0x4 
                [!provide]                        PROVIDE (end = .)
                0x0000000024000098                PROVIDE (_end = .)
                0x0000000024000298                . = (. + _Min_Heap_Size)
 *fill*         0x0000000024000098      0x200 
                0x0000000024000698                . = (. + _Min_Stack_Size)
 *fill*         0x0000000024000298      0x400 
                0x0000000024000698                . = ALIGN (0x8)

/DISCARD/
 libc.a(*)
 libm.a(*)
 libgcc.a(*)

.ARM.attributes
                0x0000000000000000       0x2e
 *(.ARM.attributes)
 .ARM.attributes
                0x0000000000000000       0x20 /usr/lib/gcc/arm-none-eabi/12.2.0/thumb/v7e-m+dp/hard/crti.o
 .ARM.attributes
                0x0000000000000020       0x32 /usr/lib/gcc/arm-none-eabi/12.2.0/thumb/v7e-m+dp/hard/crtbegin.o
 .ARM.attributes
                0x0000000000000052       0x32 ./Src/main.o
 .ARM.attributes
                0x0000000000000084       0x32 ./Src/syscalls.o
 .ARM.attributes
                0x00000000000000b6       0x32 ./Src/sysmem.o
 .ARM.attributes
                0x00000000000000e8       0x32 ./Src/uart.o
 .ARM.attributes
                0x000000000000011a       0x21 ./Startup/startup_stm32h750xbhx.o
 .ARM.attributes
                0x000000000000013b       0x32 /usr/lib/gcc/arm-none-eabi/12.2.0/../../../../arm-none-eabi/lib/thumb/v7e-m+dp/hard/libc_nano.a(lib_a-errno.o)
 .ARM.attributes
                0x000000000000016d       0x30 /usr/lib/gcc/arm-none-eabi/12.2.0/../../../../arm-none-eabi/lib/thumb/v7e-m+dp/hard/libc_nano.a(lib_a-impure.o)
 .ARM.attributes
                0x000000000000019d       0x32 /usr/lib/gcc/arm-none-eabi/12.2.0/../../../../arm-none-eabi/lib/thumb/v7e-m+dp/hard/libc_nano.a(lib_a-init.o)
 .ARM.attributes
                0x00000000000001cf       0x32 /usr/lib/gcc/arm-none-eabi/12.2.0/../../../../arm-none-eabi/lib/thumb/v7e-m+dp/hard/libc_nano.a(lib_a-memset.o)
 .ARM.attributes
                0x0000000000000201       0x32 /usr/lib/gcc/arm-none-eabi/12.2.0/../../../../arm-none-eabi/lib/thumb/v7e-m+dp/hard/libc_nano.a(lib_a-printf.o)
 .ARM.attributes
                0x0000000000000233       0x32 /usr/lib/gcc/arm-none-eabi/12.2.0/../../../../arm-none-eabi/lib/thumb/v7e-m+dp/hard/libc_nano.a(lib_a-findfp.o)
 .ARM.attributes
                0x0000000000000265       0x32 /usr/lib/gcc/arm-none-eabi/12.2.0/../../../../arm-none-eabi/lib/thumb/v7e-m+dp/hard/libc_nano.a(lib_a-fwalk.o)
 .ARM.attributes
                0x0000000000000297       0x32 /usr/lib/gcc/arm-none-eabi/12.2.0/../../../../arm-none-eabi/lib/thumb/v7e-m+dp/hard/libc_nano.a(lib_a-lock.o)
 .ARM.attributes
                0x00000000000002c9       0x32 /usr/lib/gcc/arm-none-eabi/12.2.0/../../../../arm-none-eabi/lib/thumb/v7e-m+dp/hard/libc_nano.a(lib_a-nano-mallocr.o)
 .ARM.attributes
                0x00000000000002fb       0x32 /usr/lib/gcc/arm-none-eabi/12.2.0/../../../../arm-none-eabi/lib/thumb/v7e-m+dp/hard/libc_nano.a(lib_a-nano-vfprintf.o)
 .ARM.attributes
                0x000000000000032d       0x32 /usr/lib/gcc/arm-none-eabi/12.2.0/../../../../arm-none-eabi/lib/thumb/v7e-m+dp/hard/libc_nano.a(lib_a-sbrkr.o)
 .ARM.attributes
                0x000000000000035f       0x32 /usr/lib/gcc/arm-none-eabi/12.2.0/../../../../arm-none-eabi/lib/thumb/v7e-m+dp/hard/libc_nano.a(lib_a-stdio.o)
 .ARM.attributes
                0x0000000000000391       0x32 /usr/lib/gcc/arm-none-eabi/12.2.0/../../../../arm-none-eabi/lib/thumb/v7e-m+dp/hard/libc_nano.a(lib_a-wbuf.o)
 .ARM.attributes
                0x00000000000003c3       0x32 /usr/lib/gcc/arm-none-eabi/12.2.0/../../../../arm-none-eabi/lib/thumb/v7e-m+dp/hard/libc_nano.a(lib_a-writer.o)
 .ARM.attributes
                0x00000000000003f5       0x32 /usr/lib/gcc/arm-none-eabi/12.2.0/../../../../arm-none-eabi/lib/thumb/v7e-m+dp/hard/libc_nano.a(lib_a-wsetup.o)
 .ARM.attributes
                0x0000000000000427       0x32 /usr/lib/gcc/arm-none-eabi/12.2.0/../../../../arm-none-eabi/lib/thumb/v7e-m+dp/hard/libc_nano.a(lib_a-closer.o)
 .ARM.attributes
                0x0000000000000459       0x32 /usr/lib/gcc/arm-none-eabi/12.2.0/../../../../arm-none-eabi/lib/thumb/v7e-m+dp/hard/libc_nano.a(lib_a-fflush.o)
 .ARM.attributes
                0x000000000000048b       0x32 /usr/lib/gcc/arm-none-eabi/12.2.0/../../../../arm-none-eabi/lib/thumb/v7e-m+dp/hard/libc_nano.a(lib_a-lseekr.o)
 .ARM.attributes
                0x00000000000004bd       0x32 /usr/lib/gcc/arm-none-eabi/12.2.0/../../../../arm-none-eabi/lib/thumb/v7e-m+dp/hard/libc_nano.a(lib_a-makebuf.o)
 .ARM.attributes
                0x00000000000004ef       0x1c /usr/lib/gcc/arm-none-eabi/12.2.0/../../../../arm-none-eabi/lib/thumb/v7e-m+dp/hard/libc_nano.a(lib_a-memchr.o)
 .ARM.attributes
                0x000000000000050b       0x32 /usr/lib/gcc/arm-none-eabi/12.2.0/../../../../arm-none-eabi/lib/thumb/v7e-m+dp/hard/libc_nano.a(lib_a-mlock.o)
 .ARM.attributes
                0x000000000000053d       0x32 /usr/lib/gcc/arm-none-eabi/12.2.0/../../../../arm-none-eabi/lib/thumb/v7e-m+dp/hard/libc_nano.a(lib_a-nano-freer.o)
 .ARM.attributes
                0x000000000000056f       0x32 /usr/lib/gcc/arm-none-eabi/12.2.0/../../../../arm-none-eabi/lib/thumb/v7e-m+dp/hard/libc_nano.a(lib_a-nano-vfprintf_i.o)
 .ARM.attributes
                0x00000000000005a1       0x32 /usr/lib/gcc/arm-none-eabi/12.2.0/../../../../arm-none-eabi/lib/thumb/v7e-m+dp/hard/libc_nano.a(lib_a-readr.o)
 .ARM.attributes
                0x00000000000005d3       0x32 /usr/lib/gcc/arm-none-eabi/12.2.0/../../../../arm-none-eabi/lib/thumb/v7e-m+dp/hard/libc_nano.a(lib_a-reent.o)
 .ARM.attributes
                0x0000000000000605       0x32 /usr/lib/gcc/arm-none-eabi/12.2.0/../../../../arm-none-eabi/lib/thumb/v7e-m+dp/hard/libc_nano.a(lib_a-fstatr.o)
 .ARM.attributes
                0x0000000000000637       0x32 /usr/lib/gcc/arm-none-eabi/12.2.0/../../../../arm-none-eabi/lib/thumb/v7e-m+dp/hard/libc_nano.a(lib_a-isattyr.o)
 .ARM.attributes
                0x0000000000000669       0x20 /usr/lib/gcc/arm-none-eabi/12.2.0/thumb/v7e-m+dp/hard/crtn.o
OUTPUT(6_uart_modular.elf elf32-littlearm)
LOAD linker stubs
LOAD /usr/lib/gcc/arm-none-eabi/12.2.0/../../../../arm-none-eabi/lib/thumb/v7e-m+dp/hard/libc.a
LOAD /usr/lib/gcc/arm-none-eabi/12.2.0/../../../../arm-none-eabi/lib/thumb/v7e-m+dp/hard/libm.a
LOAD /usr/lib/gcc/arm-none-eabi/12.2.0/thumb/v7e-m+dp/hard/libgcc.a

.debug_info     0x0000000000000000     0xf412
 .debug_info    0x0000000000000000       0xbf ./Src/main.o
 .debug_info    0x00000000000000bf      0x6a3 ./Src/syscalls.o
 .debug_info    0x0000000000000762      0x168 ./Src/sysmem.o
 .debug_info    0x00000000000008ca      0x688 ./Src/uart.o
 .debug_info    0x0000000000000f52       0x2e ./Startup/startup_stm32h750xbhx.o
 .debug_info    0x0000000000000f80      0x75b /usr/lib/gcc/arm-none-eabi/12.2.0/../../../../arm-none-eabi/lib/thumb/v7e-m+dp/hard/libc_nano.a(lib_a-errno.o)
 .debug_info    0x00000000000016db      0x806 /usr/lib/gcc/arm-none-eabi/12.2.0/../../../../arm-none-eabi/lib/thumb/v7e-m+dp/hard/libc_nano.a(lib_a-impure.o)
 .debug_info    0x0000000000001ee1      0x10b /usr/lib/gcc/arm-none-eabi/12.2.0/../../../../arm-none-eabi/lib/thumb/v7e-m+dp/hard/libc_nano.a(lib_a-init.o)
 .debug_info    0x0000000000001fec       0xe0 /usr/lib/gcc/arm-none-eabi/12.2.0/../../../../arm-none-eabi/lib/thumb/v7e-m+dp/hard/libc_nano.a(lib_a-memset.o)
 .debug_info    0x00000000000020cc      0x8da /usr/lib/gcc/arm-none-eabi/12.2.0/../../../../arm-none-eabi/lib/thumb/v7e-m+dp/hard/libc_nano.a(lib_a-printf.o)
 .debug_info    0x00000000000029a6      0xff1 /usr/lib/gcc/arm-none-eabi/12.2.0/../../../../arm-none-eabi/lib/thumb/v7e-m+dp/hard/libc_nano.a(lib_a-findfp.o)
 .debug_info    0x0000000000003997      0x899 /usr/lib/gcc/arm-none-eabi/12.2.0/../../../../arm-none-eabi/lib/thumb/v7e-m+dp/hard/libc_nano.a(lib_a-fwalk.o)
 .debug_info    0x0000000000004230      0x21a /usr/lib/gcc/arm-none-eabi/12.2.0/../../../../arm-none-eabi/lib/thumb/v7e-m+dp/hard/libc_nano.a(lib_a-lock.o)
 .debug_info    0x000000000000444a      0xa1c /usr/lib/gcc/arm-none-eabi/12.2.0/../../../../arm-none-eabi/lib/thumb/v7e-m+dp/hard/libc_nano.a(lib_a-nano-mallocr.o)
 .debug_info    0x0000000000004e66     0x1176 /usr/lib/gcc/arm-none-eabi/12.2.0/../../../../arm-none-eabi/lib/thumb/v7e-m+dp/hard/libc_nano.a(lib_a-nano-vfprintf.o)
 .debug_info    0x0000000000005fdc      0x7dc /usr/lib/gcc/arm-none-eabi/12.2.0/../../../../arm-none-eabi/lib/thumb/v7e-m+dp/hard/libc_nano.a(lib_a-sbrkr.o)
 .debug_info    0x00000000000067b8      0xab4 /usr/lib/gcc/arm-none-eabi/12.2.0/../../../../arm-none-eabi/lib/thumb/v7e-m+dp/hard/libc_nano.a(lib_a-stdio.o)
 .debug_info    0x000000000000726c      0x95d /usr/lib/gcc/arm-none-eabi/12.2.0/../../../../arm-none-eabi/lib/thumb/v7e-m+dp/hard/libc_nano.a(lib_a-wbuf.o)
 .debug_info    0x0000000000007bc9      0x813 /usr/lib/gcc/arm-none-eabi/12.2.0/../../../../arm-none-eabi/lib/thumb/v7e-m+dp/hard/libc_nano.a(lib_a-writer.o)
 .debug_info    0x00000000000083dc      0x8b9 /usr/lib/gcc/arm-none-eabi/12.2.0/../../../../arm-none-eabi/lib/thumb/v7e-m+dp/hard/libc_nano.a(lib_a-wsetup.o)
 .debug_info    0x0000000000008c95      0x7b7 /usr/lib/gcc/arm-none-eabi/12.2.0/../../../../arm-none-eabi/lib/thumb/v7e-m+dp/hard/libc_nano.a(lib_a-closer.o)
 .debug_info    0x000000000000944c      0xa9e /usr/lib/gcc/arm-none-eabi/12.2.0/../../../../arm-none-eabi/lib/thumb/v7e-m+dp/hard/libc_nano.a(lib_a-fflush.o)
 .debug_info    0x0000000000009eea      0x7f6 /usr/lib/gcc/arm-none-eabi/12.2.0/../../../../arm-none-eabi/lib/thumb/v7e-m+dp/hard/libc_nano.a(lib_a-lseekr.o)
 .debug_info    0x000000000000a6e0      0xb8b /usr/lib/gcc/arm-none-eabi/12.2.0/../../../../arm-none-eabi/lib/thumb/v7e-m+dp/hard/libc_nano.a(lib_a-makebuf.o)
 .debug_info    0x000000000000b26b       0x25 /usr/lib/gcc/arm-none-eabi/12.2.0/../../../../arm-none-eabi/lib/thumb/v7e-m+dp/hard/libc_nano.a(lib_a-memchr.o)
 .debug_info    0x000000000000b290      0x7cb /usr/lib/gcc/arm-none-eabi/12.2.0/../../../../arm-none-eabi/lib/thumb/v7e-m+dp/hard/libc_nano.a(lib_a-mlock.o)
 .debug_info    0x000000000000ba5b      0x8a6 /usr/lib/gcc/arm-none-eabi/12.2.0/../../../../arm-none-eabi/lib/thumb/v7e-m+dp/hard/libc_nano.a(lib_a-nano-freer.o)
 .debug_info    0x000000000000c301      0xe42 /usr/lib/gcc/arm-none-eabi/12.2.0/../../../../arm-none-eabi/lib/thumb/v7e-m+dp/hard/libc_nano.a(lib_a-nano-vfprintf_i.o)
 .debug_info    0x000000000000d143      0x80d /usr/lib/gcc/arm-none-eabi/12.2.0/../../../../arm-none-eabi/lib/thumb/v7e-m+dp/hard/libc_nano.a(lib_a-readr.o)
 .debug_info    0x000000000000d950      0x936 /usr/lib/gcc/arm-none-eabi/12.2.0/../../../../arm-none-eabi/lib/thumb/v7e-m+dp/hard/libc_nano.a(lib_a-reent.o)
 .debug_info    0x000000000000e286      0x9d5 /usr/lib/gcc/arm-none-eabi/12.2.0/../../../../arm-none-eabi/lib/thumb/v7e-m+dp/hard/libc_nano.a(lib_a-fstatr.o)
 .debug_info    0x000000000000ec5b      0x7b7 /usr/lib/gcc/arm-none-eabi/12.2.0/../../../../arm-none-eabi/lib/thumb/v7e-m+dp/hard/libc_nano.a(lib_a-isattyr.o)

.debug_abbrev   0x0000000000000000     0x3712
 .debug_abbrev  0x0000000000000000       0x8d ./Src/main.o
 .debug_abbrev  0x000000000000008d      0x1b6 ./Src/syscalls.o
 .debug_abbrev  0x0000000000000243       0xbc ./Src/sysmem.o
 .debug_abbrev  0x00000000000002ff      0x189 ./Src/uart.o
 .debug_abbrev  0x0000000000000488       0x1d ./Startup/startup_stm32h750xbhx.o
 .debug_abbrev  0x00000000000004a5      0x15e /usr/lib/gcc/arm-none-eabi/12.2.0/../../../../arm-none-eabi/lib/thumb/v7e-m+dp/hard/libc_nano.a(lib_a-errno.o)
 .debug_abbrev  0x0000000000000603      0x15a /usr/lib/gcc/arm-none-eabi/12.2.0/../../../../arm-none-eabi/lib/thumb/v7e-m+dp/hard/libc_nano.a(lib_a-impure.o)
 .debug_abbrev  0x000000000000075d       0xc9 /usr/lib/gcc/arm-none-eabi/12.2.0/../../../../arm-none-eabi/lib/thumb/v7e-m+dp/hard/libc_nano.a(lib_a-init.o)
 .debug_abbrev  0x0000000000000826       0x9e /usr/lib/gcc/arm-none-eabi/12.2.0/../../../../arm-none-eabi/lib/thumb/v7e-m+dp/hard/libc_nano.a(lib_a-memset.o)
 .debug_abbrev  0x00000000000008c4      0x23a /usr/lib/gcc/arm-none-eabi/12.2.0/../../../../arm-none-eabi/lib/thumb/v7e-m+dp/hard/libc_nano.a(lib_a-printf.o)
 .debug_abbrev  0x0000000000000afe      0x398 /usr/lib/gcc/arm-none-eabi/12.2.0/../../../../arm-none-eabi/lib/thumb/v7e-m+dp/hard/libc_nano.a(lib_a-findfp.o)
 .debug_abbrev  0x0000000000000e96      0x19f /usr/lib/gcc/arm-none-eabi/12.2.0/../../../../arm-none-eabi/lib/thumb/v7e-m+dp/hard/libc_nano.a(lib_a-fwalk.o)
 .debug_abbrev  0x0000000000001035      0x115 /usr/lib/gcc/arm-none-eabi/12.2.0/../../../../arm-none-eabi/lib/thumb/v7e-m+dp/hard/libc_nano.a(lib_a-lock.o)
 .debug_abbrev  0x000000000000114a      0x24a /usr/lib/gcc/arm-none-eabi/12.2.0/../../../../arm-none-eabi/lib/thumb/v7e-m+dp/hard/libc_nano.a(lib_a-nano-mallocr.o)
 .debug_abbrev  0x0000000000001394      0x317 /usr/lib/gcc/arm-none-eabi/12.2.0/../../../../arm-none-eabi/lib/thumb/v7e-m+dp/hard/libc_nano.a(lib_a-nano-vfprintf.o)
 .debug_abbrev  0x00000000000016ab      0x1da /usr/lib/gcc/arm-none-eabi/12.2.0/../../../../arm-none-eabi/lib/thumb/v7e-m+dp/hard/libc_nano.a(lib_a-sbrkr.o)
 .debug_abbrev  0x0000000000001885      0x221 /usr/lib/gcc/arm-none-eabi/12.2.0/../../../../arm-none-eabi/lib/thumb/v7e-m+dp/hard/libc_nano.a(lib_a-stdio.o)
 .debug_abbrev  0x0000000000001aa6      0x22e /usr/lib/gcc/arm-none-eabi/12.2.0/../../../../arm-none-eabi/lib/thumb/v7e-m+dp/hard/libc_nano.a(lib_a-wbuf.o)
 .debug_abbrev  0x0000000000001cd4      0x1b5 /usr/lib/gcc/arm-none-eabi/12.2.0/../../../../arm-none-eabi/lib/thumb/v7e-m+dp/hard/libc_nano.a(lib_a-writer.o)
 .debug_abbrev  0x0000000000001e89      0x1d9 /usr/lib/gcc/arm-none-eabi/12.2.0/../../../../arm-none-eabi/lib/thumb/v7e-m+dp/hard/libc_nano.a(lib_a-wsetup.o)
 .debug_abbrev  0x0000000000002062      0x1b0 /usr/lib/gcc/arm-none-eabi/12.2.0/../../../../arm-none-eabi/lib/thumb/v7e-m+dp/hard/libc_nano.a(lib_a-closer.o)
 .debug_abbrev  0x0000000000002212      0x2a7 /usr/lib/gcc/arm-none-eabi/12.2.0/../../../../arm-none-eabi/lib/thumb/v7e-m+dp/hard/libc_nano.a(lib_a-fflush.o)
 .debug_abbrev  0x00000000000024b9      0x1c4 /usr/lib/gcc/arm-none-eabi/12.2.0/../../../../arm-none-eabi/lib/thumb/v7e-m+dp/hard/libc_nano.a(lib_a-lseekr.o)
 .debug_abbrev  0x000000000000267d      0x2a3 /usr/lib/gcc/arm-none-eabi/12.2.0/../../../../arm-none-eabi/lib/thumb/v7e-m+dp/hard/libc_nano.a(lib_a-makebuf.o)
 .debug_abbrev  0x0000000000002920       0x14 /usr/lib/gcc/arm-none-eabi/12.2.0/../../../../arm-none-eabi/lib/thumb/v7e-m+dp/hard/libc_nano.a(lib_a-memchr.o)
 .debug_abbrev  0x0000000000002934      0x1bf /usr/lib/gcc/arm-none-eabi/12.2.0/../../../../arm-none-eabi/lib/thumb/v7e-m+dp/hard/libc_nano.a(lib_a-mlock.o)
 .debug_abbrev  0x0000000000002af3      0x23b /usr/lib/gcc/arm-none-eabi/12.2.0/../../../../arm-none-eabi/lib/thumb/v7e-m+dp/hard/libc_nano.a(lib_a-nano-freer.o)
 .debug_abbrev  0x0000000000002d2e      0x28e /usr/lib/gcc/arm-none-eabi/12.2.0/../../../../arm-none-eabi/lib/thumb/v7e-m+dp/hard/libc_nano.a(lib_a-nano-vfprintf_i.o)
 .debug_abbrev  0x0000000000002fbc      0x1b0 /usr/lib/gcc/arm-none-eabi/12.2.0/../../../../arm-none-eabi/lib/thumb/v7e-m+dp/hard/libc_nano.a(lib_a-readr.o)
 .debug_abbrev  0x000000000000316c      0x233 /usr/lib/gcc/arm-none-eabi/12.2.0/../../../../arm-none-eabi/lib/thumb/v7e-m+dp/hard/libc_nano.a(lib_a-reent.o)
 .debug_abbrev  0x000000000000339f      0x1c3 /usr/lib/gcc/arm-none-eabi/12.2.0/../../../../arm-none-eabi/lib/thumb/v7e-m+dp/hard/libc_nano.a(lib_a-fstatr.o)
 .debug_abbrev  0x0000000000003562      0x1b0 /usr/lib/gcc/arm-none-eabi/12.2.0/../../../../arm-none-eabi/lib/thumb/v7e-m+dp/hard/libc_nano.a(lib_a-isattyr.o)

.debug_aranges  0x0000000000000000      0x5b8
 .debug_aranges
                0x0000000000000000       0x20 ./Src/main.o
 .debug_aranges
                0x0000000000000020       0xa8 ./Src/syscalls.o
 .debug_aranges
                0x00000000000000c8       0x20 ./Src/sysmem.o
 .debug_aranges
                0x00000000000000e8       0x50 ./Src/uart.o
 .debug_aranges
                0x0000000000000138       0x28 ./Startup/startup_stm32h750xbhx.o
 .debug_aranges
                0x0000000000000160       0x20 /usr/lib/gcc/arm-none-eabi/12.2.0/../../../../arm-none-eabi/lib/thumb/v7e-m+dp/hard/libc_nano.a(lib_a-errno.o)
 .debug_aranges
                0x0000000000000180       0x18 /usr/lib/gcc/arm-none-eabi/12.2.0/../../../../arm-none-eabi/lib/thumb/v7e-m+dp/hard/libc_nano.a(lib_a-impure.o)
 .debug_aranges
                0x0000000000000198       0x20 /usr/lib/gcc/arm-none-eabi/12.2.0/../../../../arm-none-eabi/lib/thumb/v7e-m+dp/hard/libc_nano.a(lib_a-init.o)
 .debug_aranges
                0x00000000000001b8       0x20 /usr/lib/gcc/arm-none-eabi/12.2.0/../../../../arm-none-eabi/lib/thumb/v7e-m+dp/hard/libc_nano.a(lib_a-memset.o)
 .debug_aranges
                0x00000000000001d8       0x28 /usr/lib/gcc/arm-none-eabi/12.2.0/../../../../arm-none-eabi/lib/thumb/v7e-m+dp/hard/libc_nano.a(lib_a-printf.o)
 .debug_aranges
                0x0000000000000200       0x88 /usr/lib/gcc/arm-none-eabi/12.2.0/../../../../arm-none-eabi/lib/thumb/v7e-m+dp/hard/libc_nano.a(lib_a-findfp.o)
 .debug_aranges
                0x0000000000000288       0x28 /usr/lib/gcc/arm-none-eabi/12.2.0/../../../../arm-none-eabi/lib/thumb/v7e-m+dp/hard/libc_nano.a(lib_a-fwalk.o)
 .debug_aranges
                0x00000000000002b0       0x28 /usr/lib/gcc/arm-none-eabi/12.2.0/../../../../arm-none-eabi/lib/thumb/v7e-m+dp/hard/libc_nano.a(lib_a-lock.o)
 .debug_aranges
                0x00000000000002d8       0x28 /usr/lib/gcc/arm-none-eabi/12.2.0/../../../../arm-none-eabi/lib/thumb/v7e-m+dp/hard/libc_nano.a(lib_a-nano-mallocr.o)
 .debug_aranges
                0x0000000000000300       0x40 /usr/lib/gcc/arm-none-eabi/12.2.0/../../../../arm-none-eabi/lib/thumb/v7e-m+dp/hard/libc_nano.a(lib_a-nano-vfprintf.o)
 .debug_aranges
                0x0000000000000340       0x20 /usr/lib/gcc/arm-none-eabi/12.2.0/../../../../arm-none-eabi/lib/thumb/v7e-m+dp/hard/libc_nano.a(lib_a-sbrkr.o)
 .debug_aranges
                0x0000000000000360       0x40 /usr/lib/gcc/arm-none-eabi/12.2.0/../../../../arm-none-eabi/lib/thumb/v7e-m+dp/hard/libc_nano.a(lib_a-stdio.o)
 .debug_aranges
                0x00000000000003a0       0x28 /usr/lib/gcc/arm-none-eabi/12.2.0/../../../../arm-none-eabi/lib/thumb/v7e-m+dp/hard/libc_nano.a(lib_a-wbuf.o)
 .debug_aranges
                0x00000000000003c8       0x20 /usr/lib/gcc/arm-none-eabi/12.2.0/../../../../arm-none-eabi/lib/thumb/v7e-m+dp/hard/libc_nano.a(lib_a-writer.o)
 .debug_aranges
                0x00000000000003e8       0x20 /usr/lib/gcc/arm-none-eabi/12.2.0/../../../../arm-none-eabi/lib/thumb/v7e-m+dp/hard/libc_nano.a(lib_a-wsetup.o)
 .debug_aranges
                0x0000000000000408       0x20 /usr/lib/gcc/arm-none-eabi/12.2.0/../../../../arm-none-eabi/lib/thumb/v7e-m+dp/hard/libc_nano.a(lib_a-closer.o)
 .debug_aranges
                0x0000000000000428       0x30 /usr/lib/gcc/arm-none-eabi/12.2.0/../../../../arm-none-eabi/lib/thumb/v7e-m+dp/hard/libc_nano.a(lib_a-fflush.o)
 .debug_aranges
                0x0000000000000458       0x20 /usr/lib/gcc/arm-none-eabi/12.2.0/../../../../arm-none-eabi/lib/thumb/v7e-m+dp/hard/libc_nano.a(lib_a-lseekr.o)
 .debug_aranges
                0x0000000000000478       0x28 /usr/lib/gcc/arm-none-eabi/12.2.0/../../../../arm-none-eabi/lib/thumb/v7e-m+dp/hard/libc_nano.a(lib_a-makebuf.o)
 .debug_aranges
                0x00000000000004a0       0x20 /usr/lib/gcc/arm-none-eabi/12.2.0/../../../../arm-none-eabi/lib/thumb/v7e-m+dp/hard/libc_nano.a(lib_a-memchr.o)
 .debug_aranges
                0x00000000000004c0       0x28 /usr/lib/gcc/arm-none-eabi/12.2.0/../../../../arm-none-eabi/lib/thumb/v7e-m+dp/hard/libc_nano.a(lib_a-mlock.o)
 .debug_aranges
                0x00000000000004e8       0x20 /usr/lib/gcc/arm-none-eabi/12.2.0/../../../../arm-none-eabi/lib/thumb/v7e-m+dp/hard/libc_nano.a(lib_a-nano-freer.o)
 .debug_aranges
                0x0000000000000508       0x28 /usr/lib/gcc/arm-none-eabi/12.2.0/../../../../arm-none-eabi/lib/thumb/v7e-m+dp/hard/libc_nano.a(lib_a-nano-vfprintf_i.o)
 .debug_aranges
                0x0000000000000530       0x20 /usr/lib/gcc/arm-none-eabi/12.2.0/../../../../arm-none-eabi/lib/thumb/v7e-m+dp/hard/libc_nano.a(lib_a-readr.o)
 .debug_aranges
                0x0000000000000550       0x28 /usr/lib/gcc/arm-none-eabi/12.2.0/../../../../arm-none-eabi/lib/thumb/v7e-m+dp/hard/libc_nano.a(lib_a-reent.o)
 .debug_aranges
                0x0000000000000578       0x20 /usr/lib/gcc/arm-none-eabi/12.2.0/../../../../arm-none-eabi/lib/thumb/v7e-m+dp/hard/libc_nano.a(lib_a-fstatr.o)
 .debug_aranges
                0x0000000000000598       0x20 /usr/lib/gcc/arm-none-eabi/12.2.0/../../../../arm-none-eabi/lib/thumb/v7e-m+dp/hard/libc_nano.a(lib_a-isattyr.o)

.debug_rnglists
                0x0000000000000000      0x466
 .debug_rnglists
                0x0000000000000000       0x13 ./Src/main.o
 .debug_rnglists
                0x0000000000000013       0x79 ./Src/syscalls.o
 .debug_rnglists
                0x000000000000008c       0x13 ./Src/sysmem.o
 .debug_rnglists
                0x000000000000009f       0x39 ./Src/uart.o
 .debug_rnglists
                0x00000000000000d8       0x19 ./Startup/startup_stm32h750xbhx.o
 .debug_rnglists
                0x00000000000000f1       0x13 /usr/lib/gcc/arm-none-eabi/12.2.0/../../../../arm-none-eabi/lib/thumb/v7e-m+dp/hard/libc_nano.a(lib_a-errno.o)
 .debug_rnglists
                0x0000000000000104       0x13 /usr/lib/gcc/arm-none-eabi/12.2.0/../../../../arm-none-eabi/lib/thumb/v7e-m+dp/hard/libc_nano.a(lib_a-init.o)
 .debug_rnglists
                0x0000000000000117       0x13 /usr/lib/gcc/arm-none-eabi/12.2.0/../../../../arm-none-eabi/lib/thumb/v7e-m+dp/hard/libc_nano.a(lib_a-memset.o)
 .debug_rnglists
                0x000000000000012a       0x19 /usr/lib/gcc/arm-none-eabi/12.2.0/../../../../arm-none-eabi/lib/thumb/v7e-m+dp/hard/libc_nano.a(lib_a-printf.o)
 .debug_rnglists
                0x0000000000000143       0x6e /usr/lib/gcc/arm-none-eabi/12.2.0/../../../../arm-none-eabi/lib/thumb/v7e-m+dp/hard/libc_nano.a(lib_a-findfp.o)
 .debug_rnglists
                0x00000000000001b1       0x19 /usr/lib/gcc/arm-none-eabi/12.2.0/../../../../arm-none-eabi/lib/thumb/v7e-m+dp/hard/libc_nano.a(lib_a-fwalk.o)
 .debug_rnglists
                0x00000000000001ca       0x19 /usr/lib/gcc/arm-none-eabi/12.2.0/../../../../arm-none-eabi/lib/thumb/v7e-m+dp/hard/libc_nano.a(lib_a-lock.o)
 .debug_rnglists
                0x00000000000001e3       0x26 /usr/lib/gcc/arm-none-eabi/12.2.0/../../../../arm-none-eabi/lib/thumb/v7e-m+dp/hard/libc_nano.a(lib_a-nano-mallocr.o)
 .debug_rnglists
                0x0000000000000209       0x3b /usr/lib/gcc/arm-none-eabi/12.2.0/../../../../arm-none-eabi/lib/thumb/v7e-m+dp/hard/libc_nano.a(lib_a-nano-vfprintf.o)
 .debug_rnglists
                0x0000000000000244       0x13 /usr/lib/gcc/arm-none-eabi/12.2.0/../../../../arm-none-eabi/lib/thumb/v7e-m+dp/hard/libc_nano.a(lib_a-sbrkr.o)
 .debug_rnglists
                0x0000000000000257       0x2b /usr/lib/gcc/arm-none-eabi/12.2.0/../../../../arm-none-eabi/lib/thumb/v7e-m+dp/hard/libc_nano.a(lib_a-stdio.o)
 .debug_rnglists
                0x0000000000000282       0x2a /usr/lib/gcc/arm-none-eabi/12.2.0/../../../../arm-none-eabi/lib/thumb/v7e-m+dp/hard/libc_nano.a(lib_a-wbuf.o)
 .debug_rnglists
                0x00000000000002ac       0x13 /usr/lib/gcc/arm-none-eabi/12.2.0/../../../../arm-none-eabi/lib/thumb/v7e-m+dp/hard/libc_nano.a(lib_a-writer.o)
 .debug_rnglists
                0x00000000000002bf       0x26 /usr/lib/gcc/arm-none-eabi/12.2.0/../../../../arm-none-eabi/lib/thumb/v7e-m+dp/hard/libc_nano.a(lib_a-wsetup.o)
 .debug_rnglists
                0x00000000000002e5       0x13 /usr/lib/gcc/arm-none-eabi/12.2.0/../../../../arm-none-eabi/lib/thumb/v7e-m+dp/hard/libc_nano.a(lib_a-closer.o)
 .debug_rnglists
                0x00000000000002f8       0x47 /usr/lib/gcc/arm-none-eabi/12.2.0/../../../../arm-none-eabi/lib/thumb/v7e-m+dp/hard/libc_nano.a(lib_a-fflush.o)
 .debug_rnglists
                0x000000000000033f       0x13 /usr/lib/gcc/arm-none-eabi/12.2.0/../../../../arm-none-eabi/lib/thumb/v7e-m+dp/hard/libc_nano.a(lib_a-lseekr.o)
 .debug_rnglists
                0x0000000000000352       0x1a /usr/lib/gcc/arm-none-eabi/12.2.0/../../../../arm-none-eabi/lib/thumb/v7e-m+dp/hard/libc_nano.a(lib_a-makebuf.o)
 .debug_rnglists
                0x000000000000036c       0x19 /usr/lib/gcc/arm-none-eabi/12.2.0/../../../../arm-none-eabi/lib/thumb/v7e-m+dp/hard/libc_nano.a(lib_a-mlock.o)
 .debug_rnglists
                0x0000000000000385       0x20 /usr/lib/gcc/arm-none-eabi/12.2.0/../../../../arm-none-eabi/lib/thumb/v7e-m+dp/hard/libc_nano.a(lib_a-nano-freer.o)
 .debug_rnglists
                0x00000000000003a5       0x5c /usr/lib/gcc/arm-none-eabi/12.2.0/../../../../arm-none-eabi/lib/thumb/v7e-m+dp/hard/libc_nano.a(lib_a-nano-vfprintf_i.o)
 .debug_rnglists
                0x0000000000000401       0x13 /usr/lib/gcc/arm-none-eabi/12.2.0/../../../../arm-none-eabi/lib/thumb/v7e-m+dp/hard/libc_nano.a(lib_a-readr.o)
 .debug_rnglists
                0x0000000000000414       0x2c /usr/lib/gcc/arm-none-eabi/12.2.0/../../../../arm-none-eabi/lib/thumb/v7e-m+dp/hard/libc_nano.a(lib_a-reent.o)
 .debug_rnglists
                0x0000000000000440       0x13 /usr/lib/gcc/arm-none-eabi/12.2.0/../../../../arm-none-eabi/lib/thumb/v7e-m+dp/hard/libc_nano.a(lib_a-fstatr.o)
 .debug_rnglists
                0x0000000000000453       0x13 /usr/lib/gcc/arm-none-eabi/12.2.0/../../../../arm-none-eabi/lib/thumb/v7e-m+dp/hard/libc_nano.a(lib_a-isattyr.o)

.debug_macro    0x0000000000000000    0x2a3a0
 .debug_macro   0x0000000000000000      0x22b ./Src/main.o
 .debug_macro   0x000000000000022b      0xad8 ./Src/main.o
 .debug_macro   0x0000000000000d03       0x22 ./Src/main.o
 .debug_macro   0x0000000000000d25       0x8e ./Src/main.o
 .debug_macro   0x0000000000000db3       0x51 ./Src/main.o
 .debug_macro   0x0000000000000e04      0x103 ./Src/main.o
 .debug_macro   0x0000000000000f07       0x6a ./Src/main.o
 .debug_macro   0x0000000000000f71      0x1df ./Src/main.o
 .debug_macro   0x0000000000001150       0x58 ./Src/main.o
 .debug_macro   0x00000000000011a8       0x1d ./Src/main.o
 .debug_macro   0x00000000000011c5       0x43 ./Src/main.o
 .debug_macro   0x0000000000001208       0x34 ./Src/main.o
 .debug_macro   0x000000000000123c       0x16 ./Src/main.o
 .debug_macro   0x0000000000001252       0x9e ./Src/main.o
 .debug_macro   0x00000000000012f0      0x341 ./Src/main.o
 .debug_macro   0x0000000000001631      0x10b ./Src/main.o
 .debug_macro   0x000000000000173c       0x10 ./Src/main.o
 .debug_macro   0x000000000000174c       0x16 ./Src/main.o
 .debug_macro   0x0000000000001762       0x43 ./Src/main.o
 .debug_macro   0x00000000000017a5       0x34 ./Src/main.o
 .debug_macro   0x00000000000017d9       0x10 ./Src/main.o
 .debug_macro   0x00000000000017e9       0x58 ./Src/main.o
 .debug_macro   0x0000000000001841       0x71 ./Src/main.o
 .debug_macro   0x00000000000018b2       0x1c ./Src/main.o
 .debug_macro   0x00000000000018ce      0x12a ./Src/main.o
 .debug_macro   0x00000000000019f8       0x10 ./Src/main.o
 .debug_macro   0x0000000000001a08       0x1c ./Src/main.o
 .debug_macro   0x0000000000001a24       0x52 ./Src/main.o
 .debug_macro   0x0000000000001a76       0x22 ./Src/main.o
 .debug_macro   0x0000000000001a98       0x10 ./Src/main.o
 .debug_macro   0x0000000000001aa8       0x52 ./Src/main.o
 .debug_macro   0x0000000000001afa       0xd5 ./Src/main.o
 .debug_macro   0x0000000000001bcf       0x1c ./Src/main.o
 .debug_macro   0x0000000000001beb       0x3d ./Src/main.o
 .debug_macro   0x0000000000001c28       0x16 ./Src/main.o
 .debug_macro   0x0000000000001c3e      0x145 ./Src/main.o
 .debug_macro   0x0000000000001d83       0x3b ./Src/main.o
 .debug_macro   0x0000000000001dbe       0x1c ./Src/main.o
 .debug_macro   0x0000000000001dda       0x22 ./Src/main.o
 .debug_macro   0x0000000000001dfc       0xfb ./Src/main.o
 .debug_macro   0x0000000000001ef7     0x1305 ./Src/main.o
 .debug_macro   0x00000000000031fc      0x11f ./Src/main.o
 .debug_macro   0x000000000000331b       0x27 ./Src/main.o
 .debug_macro   0x0000000000003342    0x25e77 ./Src/main.o
 .debug_macro   0x00000000000291b9      0x274 ./Src/syscalls.o
 .debug_macro   0x000000000002942d       0x52 ./Src/syscalls.o
 .debug_macro   0x000000000002947f       0x94 ./Src/syscalls.o
 .debug_macro   0x0000000000029513       0x57 ./Src/syscalls.o
 .debug_macro   0x000000000002956a      0x189 ./Src/syscalls.o
 .debug_macro   0x00000000000296f3       0x10 ./Src/syscalls.o
 .debug_macro   0x0000000000029703       0x35 ./Src/syscalls.o
 .debug_macro   0x0000000000029738       0x10 ./Src/syscalls.o
 .debug_macro   0x0000000000029748       0x10 ./Src/syscalls.o
 .debug_macro   0x0000000000029758       0x35 ./Src/syscalls.o
 .debug_macro   0x000000000002978d      0x12c ./Src/syscalls.o
 .debug_macro   0x00000000000298b9       0x16 ./Src/syscalls.o
 .debug_macro   0x00000000000298cf       0x16 ./Src/syscalls.o
 .debug_macro   0x00000000000298e5       0x29 ./Src/syscalls.o
 .debug_macro   0x000000000002990e       0x10 ./Src/syscalls.o
 .debug_macro   0x000000000002991e      0x241 ./Src/syscalls.o
 .debug_macro   0x0000000000029b5f       0x1c ./Src/syscalls.o
 .debug_macro   0x0000000000029b7b       0x10 ./Src/syscalls.o
 .debug_macro   0x0000000000029b8b      0x18a ./Src/syscalls.o
 .debug_macro   0x0000000000029d15       0x16 ./Src/syscalls.o
 .debug_macro   0x0000000000029d2b       0xce ./Src/syscalls.o
 .debug_macro   0x0000000000029df9       0xff ./Src/sysmem.o
 .debug_macro   0x0000000000029ef8      0x23b ./Src/sysmem.o
 .debug_macro   0x000000000002a133      0x26d ./Src/uart.o

.debug_line     0x0000000000000000     0x5637
 .debug_line    0x0000000000000000      0x3c0 ./Src/main.o
 .debug_line    0x00000000000003c0      0x53f ./Src/syscalls.o
 .debug_line    0x00000000000008ff      0x210 ./Src/sysmem.o
 .debug_line    0x0000000000000b0f      0x541 ./Src/uart.o
 .debug_line    0x0000000000001050       0x7b ./Startup/startup_stm32h750xbhx.o
 .debug_line    0x00000000000010cb      0x130 /usr/lib/gcc/arm-none-eabi/12.2.0/../../../../arm-none-eabi/lib/thumb/v7e-m+dp/hard/libc_nano.a(lib_a-errno.o)
 .debug_line    0x00000000000011fb      0x10e /usr/lib/gcc/arm-none-eabi/12.2.0/../../../../arm-none-eabi/lib/thumb/v7e-m+dp/hard/libc_nano.a(lib_a-impure.o)
 .debug_line    0x0000000000001309      0x13b /usr/lib/gcc/arm-none-eabi/12.2.0/../../../../arm-none-eabi/lib/thumb/v7e-m+dp/hard/libc_nano.a(lib_a-init.o)
 .debug_line    0x0000000000001444      0x129 /usr/lib/gcc/arm-none-eabi/12.2.0/../../../../arm-none-eabi/lib/thumb/v7e-m+dp/hard/libc_nano.a(lib_a-memset.o)
 .debug_line    0x000000000000156d      0x25c /usr/lib/gcc/arm-none-eabi/12.2.0/../../../../arm-none-eabi/lib/thumb/v7e-m+dp/hard/libc_nano.a(lib_a-printf.o)
 .debug_line    0x00000000000017c9      0x545 /usr/lib/gcc/arm-none-eabi/12.2.0/../../../../arm-none-eabi/lib/thumb/v7e-m+dp/hard/libc_nano.a(lib_a-findfp.o)
 .debug_line    0x0000000000001d0e      0x276 /usr/lib/gcc/arm-none-eabi/12.2.0/../../../../arm-none-eabi/lib/thumb/v7e-m+dp/hard/libc_nano.a(lib_a-fwalk.o)
 .debug_line    0x0000000000001f84       0xeb /usr/lib/gcc/arm-none-eabi/12.2.0/../../../../arm-none-eabi/lib/thumb/v7e-m+dp/hard/libc_nano.a(lib_a-lock.o)
 .debug_line    0x000000000000206f      0x437 /usr/lib/gcc/arm-none-eabi/12.2.0/../../../../arm-none-eabi/lib/thumb/v7e-m+dp/hard/libc_nano.a(lib_a-nano-mallocr.o)
 .debug_line    0x00000000000024a6      0x6a5 /usr/lib/gcc/arm-none-eabi/12.2.0/../../../../arm-none-eabi/lib/thumb/v7e-m+dp/hard/libc_nano.a(lib_a-nano-vfprintf.o)
 .debug_line    0x0000000000002b4b      0x1be /usr/lib/gcc/arm-none-eabi/12.2.0/../../../../arm-none-eabi/lib/thumb/v7e-m+dp/hard/libc_nano.a(lib_a-sbrkr.o)
 .debug_line    0x0000000000002d09      0x297 /usr/lib/gcc/arm-none-eabi/12.2.0/../../../../arm-none-eabi/lib/thumb/v7e-m+dp/hard/libc_nano.a(lib_a-stdio.o)
 .debug_line    0x0000000000002fa0      0x2a1 /usr/lib/gcc/arm-none-eabi/12.2.0/../../../../arm-none-eabi/lib/thumb/v7e-m+dp/hard/libc_nano.a(lib_a-wbuf.o)
 .debug_line    0x0000000000003241      0x1bd /usr/lib/gcc/arm-none-eabi/12.2.0/../../../../arm-none-eabi/lib/thumb/v7e-m+dp/hard/libc_nano.a(lib_a-writer.o)
 .debug_line    0x00000000000033fe      0x2e5 /usr/lib/gcc/arm-none-eabi/12.2.0/../../../../arm-none-eabi/lib/thumb/v7e-m+dp/hard/libc_nano.a(lib_a-wsetup.o)
 .debug_line    0x00000000000036e3      0x1be /usr/lib/gcc/arm-none-eabi/12.2.0/../../../../arm-none-eabi/lib/thumb/v7e-m+dp/hard/libc_nano.a(lib_a-closer.o)
 .debug_line    0x00000000000038a1      0x44b /usr/lib/gcc/arm-none-eabi/12.2.0/../../../../arm-none-eabi/lib/thumb/v7e-m+dp/hard/libc_nano.a(lib_a-fflush.o)
 .debug_line    0x0000000000003cec      0x1bd /usr/lib/gcc/arm-none-eabi/12.2.0/../../../../arm-none-eabi/lib/thumb/v7e-m+dp/hard/libc_nano.a(lib_a-lseekr.o)
 .debug_line    0x0000000000003ea9      0x364 /usr/lib/gcc/arm-none-eabi/12.2.0/../../../../arm-none-eabi/lib/thumb/v7e-m+dp/hard/libc_nano.a(lib_a-makebuf.o)
 .debug_line    0x000000000000420d       0x82 /usr/lib/gcc/arm-none-eabi/12.2.0/../../../../arm-none-eabi/lib/thumb/v7e-m+dp/hard/libc_nano.a(lib_a-memchr.o)
 .debug_line    0x000000000000428f      0x190 /usr/lib/gcc/arm-none-eabi/12.2.0/../../../../arm-none-eabi/lib/thumb/v7e-m+dp/hard/libc_nano.a(lib_a-mlock.o)
 .debug_line    0x000000000000441f      0x2b8 /usr/lib/gcc/arm-none-eabi/12.2.0/../../../../arm-none-eabi/lib/thumb/v7e-m+dp/hard/libc_nano.a(lib_a-nano-freer.o)
 .debug_line    0x00000000000046d7      0x6d8 /usr/lib/gcc/arm-none-eabi/12.2.0/../../../../arm-none-eabi/lib/thumb/v7e-m+dp/hard/libc_nano.a(lib_a-nano-vfprintf_i.o)
 .debug_line    0x0000000000004daf      0x1bc /usr/lib/gcc/arm-none-eabi/12.2.0/../../../../arm-none-eabi/lib/thumb/v7e-m+dp/hard/libc_nano.a(lib_a-readr.o)
 .debug_line    0x0000000000004f6b      0x2c3 /usr/lib/gcc/arm-none-eabi/12.2.0/../../../../arm-none-eabi/lib/thumb/v7e-m+dp/hard/libc_nano.a(lib_a-reent.o)
 .debug_line    0x000000000000522e      0x24a /usr/lib/gcc/arm-none-eabi/12.2.0/../../../../arm-none-eabi/lib/thumb/v7e-m+dp/hard/libc_nano.a(lib_a-fstatr.o)
 .debug_line    0x0000000000005478      0x1bf /usr/lib/gcc/arm-none-eabi/12.2.0/../../../../arm-none-eabi/lib/thumb/v7e-m+dp/hard/libc_nano.a(lib_a-isattyr.o)

.debug_str      0x0000000000000000    0xee3df
 .debug_str     0x0000000000000000    0xeb144 ./Src/main.o
                                      0xeb3de (size before relaxing)
 .debug_str     0x00000000000eb144     0x178b ./Src/syscalls.o
                                       0x9641 (size before relaxing)
 .debug_str     0x00000000000ec8cf       0x70 ./Src/sysmem.o
                                       0x5f5d (size before relaxing)
 .debug_str     0x00000000000ec93f      0x3b9 ./Src/uart.o
                                      0xeb7b4 (size before relaxing)
 .debug_str     0x00000000000eccf8       0x81 ./Startup/startup_stm32h750xbhx.o
 .debug_str     0x00000000000ecd79      0x3fb /usr/lib/gcc/arm-none-eabi/12.2.0/../../../../arm-none-eabi/lib/thumb/v7e-m+dp/hard/libc_nano.a(lib_a-errno.o)
                                        0x52c (size before relaxing)
 .debug_str     0x00000000000ed174       0xf3 /usr/lib/gcc/arm-none-eabi/12.2.0/../../../../arm-none-eabi/lib/thumb/v7e-m+dp/hard/libc_nano.a(lib_a-impure.o)
                                        0x583 (size before relaxing)
 .debug_str     0x00000000000ed267      0x104 /usr/lib/gcc/arm-none-eabi/12.2.0/../../../../arm-none-eabi/lib/thumb/v7e-m+dp/hard/libc_nano.a(lib_a-init.o)
                                        0x233 (size before relaxing)
 .debug_str     0x00000000000ed36b       0xb1 /usr/lib/gcc/arm-none-eabi/12.2.0/../../../../arm-none-eabi/lib/thumb/v7e-m+dp/hard/libc_nano.a(lib_a-memset.o)
                                        0x1d4 (size before relaxing)
 .debug_str     0x00000000000ed41c       0xcb /usr/lib/gcc/arm-none-eabi/12.2.0/../../../../arm-none-eabi/lib/thumb/v7e-m+dp/hard/libc_nano.a(lib_a-printf.o)
                                        0x575 (size before relaxing)
 .debug_str     0x00000000000ed4e7      0x294 /usr/lib/gcc/arm-none-eabi/12.2.0/../../../../arm-none-eabi/lib/thumb/v7e-m+dp/hard/libc_nano.a(lib_a-findfp.o)
                                        0x82e (size before relaxing)
 .debug_str     0x00000000000ed77b       0x57 /usr/lib/gcc/arm-none-eabi/12.2.0/../../../../arm-none-eabi/lib/thumb/v7e-m+dp/hard/libc_nano.a(lib_a-fwalk.o)
                                        0x549 (size before relaxing)
 .debug_str     0x00000000000ed7d2      0x1c7 /usr/lib/gcc/arm-none-eabi/12.2.0/../../../../arm-none-eabi/lib/thumb/v7e-m+dp/hard/libc_nano.a(lib_a-lock.o)
                                        0x364 (size before relaxing)
 .debug_str     0x00000000000ed999      0x163 /usr/lib/gcc/arm-none-eabi/12.2.0/../../../../arm-none-eabi/lib/thumb/v7e-m+dp/hard/libc_nano.a(lib_a-nano-mallocr.o)
                                        0x619 (size before relaxing)
 .debug_str     0x00000000000edafc      0x2b9 /usr/lib/gcc/arm-none-eabi/12.2.0/../../../../arm-none-eabi/lib/thumb/v7e-m+dp/hard/libc_nano.a(lib_a-nano-vfprintf.o)
                                        0x922 (size before relaxing)
 .debug_str     0x00000000000eddb5       0x48 /usr/lib/gcc/arm-none-eabi/12.2.0/../../../../arm-none-eabi/lib/thumb/v7e-m+dp/hard/libc_nano.a(lib_a-sbrkr.o)
                                        0x53b (size before relaxing)
 .debug_str     0x00000000000eddfd       0x86 /usr/lib/gcc/arm-none-eabi/12.2.0/../../../../arm-none-eabi/lib/thumb/v7e-m+dp/hard/libc_nano.a(lib_a-stdio.o)
                                        0x59f (size before relaxing)
 .debug_str     0x00000000000ede83       0x4f /usr/lib/gcc/arm-none-eabi/12.2.0/../../../../arm-none-eabi/lib/thumb/v7e-m+dp/hard/libc_nano.a(lib_a-wbuf.o)
                                        0x5a7 (size before relaxing)
 .debug_str     0x00000000000eded2       0x49 /usr/lib/gcc/arm-none-eabi/12.2.0/../../../../arm-none-eabi/lib/thumb/v7e-m+dp/hard/libc_nano.a(lib_a-writer.o)
                                        0x538 (size before relaxing)
 .debug_str     0x00000000000edf1b       0x5e /usr/lib/gcc/arm-none-eabi/12.2.0/../../../../arm-none-eabi/lib/thumb/v7e-m+dp/hard/libc_nano.a(lib_a-wsetup.o)
                                        0x5a2 (size before relaxing)
 .debug_str     0x00000000000edf79       0x49 /usr/lib/gcc/arm-none-eabi/12.2.0/../../../../arm-none-eabi/lib/thumb/v7e-m+dp/hard/libc_nano.a(lib_a-closer.o)
                                        0x528 (size before relaxing)
 .debug_str     0x00000000000edfc2       0x6c /usr/lib/gcc/arm-none-eabi/12.2.0/../../../../arm-none-eabi/lib/thumb/v7e-m+dp/hard/libc_nano.a(lib_a-fflush.o)
                                        0x627 (size before relaxing)
 .debug_str     0x00000000000ee02e       0x49 /usr/lib/gcc/arm-none-eabi/12.2.0/../../../../arm-none-eabi/lib/thumb/v7e-m+dp/hard/libc_nano.a(lib_a-lseekr.o)
                                        0x536 (size before relaxing)
 .debug_str     0x00000000000ee077       0x82 /usr/lib/gcc/arm-none-eabi/12.2.0/../../../../arm-none-eabi/lib/thumb/v7e-m+dp/hard/libc_nano.a(lib_a-makebuf.o)
                                        0x6d0 (size before relaxing)
 .debug_str     0x00000000000ee0f9       0x7a /usr/lib/gcc/arm-none-eabi/12.2.0/../../../../arm-none-eabi/lib/thumb/v7e-m+dp/hard/libc_nano.a(lib_a-memchr.o)
 .debug_str     0x00000000000ee173       0x49 /usr/lib/gcc/arm-none-eabi/12.2.0/../../../../arm-none-eabi/lib/thumb/v7e-m+dp/hard/libc_nano.a(lib_a-mlock.o)
                                        0x5b5 (size before relaxing)
 .debug_str     0x00000000000ee1bc       0x24 /usr/lib/gcc/arm-none-eabi/12.2.0/../../../../arm-none-eabi/lib/thumb/v7e-m+dp/hard/libc_nano.a(lib_a-nano-freer.o)
                                        0x5ba (size before relaxing)
 .debug_str     0x00000000000ee1e0       0xaa /usr/lib/gcc/arm-none-eabi/12.2.0/../../../../arm-none-eabi/lib/thumb/v7e-m+dp/hard/libc_nano.a(lib_a-nano-vfprintf_i.o)
                                        0x811 (size before relaxing)
 .debug_str     0x00000000000ee28a       0x48 /usr/lib/gcc/arm-none-eabi/12.2.0/../../../../arm-none-eabi/lib/thumb/v7e-m+dp/hard/libc_nano.a(lib_a-readr.o)
                                        0x536 (size before relaxing)
 .debug_str     0x00000000000ee2d2       0x74 /usr/lib/gcc/arm-none-eabi/12.2.0/../../../../arm-none-eabi/lib/thumb/v7e-m+dp/hard/libc_nano.a(lib_a-reent.o)
                                        0x563 (size before relaxing)
 .debug_str     0x00000000000ee346       0x4f /usr/lib/gcc/arm-none-eabi/12.2.0/../../../../arm-none-eabi/lib/thumb/v7e-m+dp/hard/libc_nano.a(lib_a-fstatr.o)
                                        0x67a (size before relaxing)
 .debug_str     0x00000000000ee395       0x4a /usr/lib/gcc/arm-none-eabi/12.2.0/../../../../arm-none-eabi/lib/thumb/v7e-m+dp/hard/libc_nano.a(lib_a-isattyr.o)
                                        0x532 (size before relaxing)

.comment        0x0000000000000000       0x3c
 .comment       0x0000000000000000       0x1e ./Src/main.o
                                         0x1f (size before relaxing)
 .comment       0x000000000000001e       0x1f ./Src/syscalls.o
 .comment       0x000000000000001e       0x1f ./Src/sysmem.o
 .comment       0x000000000000001e       0x1f ./Src/uart.o
 .comment       0x000000000000001e       0x1e /usr/lib/gcc/arm-none-eabi/12.2.0/../../../../arm-none-eabi/lib/thumb/v7e-m+dp/hard/libc_nano.a(lib_a-errno.o)
                                         0x1f (size before relaxing)
 .comment       0x000000000000003c       0x1f /usr/lib/gcc/arm-none-eabi/12.2.0/../../../../arm-none-eabi/lib/thumb/v7e-m+dp/hard/libc_nano.a(lib_a-impure.o)
 .comment       0x000000000000003c       0x1f /usr/lib/gcc/arm-none-eabi/12.2.0/../../../../arm-none-eabi/lib/thumb/v7e-m+dp/hard/libc_nano.a(lib_a-init.o)
 .comment       0x000000000000003c       0x1f /usr/lib/gcc/arm-none-eabi/12.2.0/../../../../arm-none-eabi/lib/thumb/v7e-m+dp/hard/libc_nano.a(lib_a-memset.o)
 .comment       0x000000000000003c       0x1f /usr/lib/gcc/arm-none-eabi/12.2.0/../../../../arm-none-eabi/lib/thumb/v7e-m+dp/hard/libc_nano.a(lib_a-printf.o)
 .comment       0x000000000000003c       0x1f /usr/lib/gcc/arm-none-eabi/12.2.0/../../../../arm-none-eabi/lib/thumb/v7e-m+dp/hard/libc_nano.a(lib_a-findfp.o)
 .comment       0x000000000000003c       0x1f /usr/lib/gcc/arm-none-eabi/12.2.0/../../../../arm-none-eabi/lib/thumb/v7e-m+dp/hard/libc_nano.a(lib_a-fwalk.o)
 .comment       0x000000000000003c       0x1f /usr/lib/gcc/arm-none-eabi/12.2.0/../../../../arm-none-eabi/lib/thumb/v7e-m+dp/hard/libc_nano.a(lib_a-lock.o)
 .comment       0x000000000000003c       0x1f /usr/lib/gcc/arm-none-eabi/12.2.0/../../../../arm-none-eabi/lib/thumb/v7e-m+dp/hard/libc_nano.a(lib_a-nano-mallocr.o)
 .comment       0x000000000000003c       0x1f /usr/lib/gcc/arm-none-eabi/12.2.0/../../../../arm-none-eabi/lib/thumb/v7e-m+dp/hard/libc_nano.a(lib_a-nano-vfprintf.o)
 .comment       0x000000000000003c       0x1f /usr/lib/gcc/arm-none-eabi/12.2.0/../../../../arm-none-eabi/lib/thumb/v7e-m+dp/hard/libc_nano.a(lib_a-sbrkr.o)
 .comment       0x000000000000003c       0x1f /usr/lib/gcc/arm-none-eabi/12.2.0/../../../../arm-none-eabi/lib/thumb/v7e-m+dp/hard/libc_nano.a(lib_a-stdio.o)
 .comment       0x000000000000003c       0x1f /usr/lib/gcc/arm-none-eabi/12.2.0/../../../../arm-none-eabi/lib/thumb/v7e-m+dp/hard/libc_nano.a(lib_a-wbuf.o)
 .comment       0x000000000000003c       0x1f /usr/lib/gcc/arm-none-eabi/12.2.0/../../../../arm-none-eabi/lib/thumb/v7e-m+dp/hard/libc_nano.a(lib_a-writer.o)
 .comment       0x000000000000003c       0x1f /usr/lib/gcc/arm-none-eabi/12.2.0/../../../../arm-none-eabi/lib/thumb/v7e-m+dp/hard/libc_nano.a(lib_a-wsetup.o)
 .comment       0x000000000000003c       0x1f /usr/lib/gcc/arm-none-eabi/12.2.0/../../../../arm-none-eabi/lib/thumb/v7e-m+dp/hard/libc_nano.a(lib_a-closer.o)
 .comment       0x000000000000003c       0x1f /usr/lib/gcc/arm-none-eabi/12.2.0/../../../../arm-none-eabi/lib/thumb/v7e-m+dp/hard/libc_nano.a(lib_a-fflush.o)
 .comment       0x000000000000003c       0x1f /usr/lib/gcc/arm-none-eabi/12.2.0/../../../../arm-none-eabi/lib/thumb/v7e-m+dp/hard/libc_nano.a(lib_a-lseekr.o)
 .comment       0x000000000000003c       0x1f /usr/lib/gcc/arm-none-eabi/12.2.0/../../../../arm-none-eabi/lib/thumb/v7e-m+dp/hard/libc_nano.a(lib_a-makebuf.o)
 .comment       0x000000000000003c       0x1f /usr/lib/gcc/arm-none-eabi/12.2.0/../../../../arm-none-eabi/lib/thumb/v7e-m+dp/hard/libc_nano.a(lib_a-mlock.o)
 .comment       0x000000000000003c       0x1f /usr/lib/gcc/arm-none-eabi/12.2.0/../../../../arm-none-eabi/lib/thumb/v7e-m+dp/hard/libc_nano.a(lib_a-nano-freer.o)
 .comment       0x000000000000003c       0x1f /usr/lib/gcc/arm-none-eabi/12.2.0/../../../../arm-none-eabi/lib/thumb/v7e-m+dp/hard/libc_nano.a(lib_a-nano-vfprintf_i.o)
 .comment       0x000000000000003c       0x1f /usr/lib/gcc/arm-none-eabi/12.2.0/../../../../arm-none-eabi/lib/thumb/v7e-m+dp/hard/libc_nano.a(lib_a-readr.o)
 .comment       0x000000000000003c       0x1f /usr/lib/gcc/arm-none-eabi/12.2.0/../../../../arm-none-eabi/lib/thumb/v7e-m+dp/hard/libc_nano.a(lib_a-reent.o)
 .comment       0x000000000000003c       0x1f /usr/lib/gcc/arm-none-eabi/12.2.0/../../../../arm-none-eabi/lib/thumb/v7e-m+dp/hard/libc_nano.a(lib_a-fstatr.o)
 .comment       0x000000000000003c       0x1f /usr/lib/gcc/arm-none-eabi/12.2.0/../../../../arm-none-eabi/lib/thumb/v7e-m+dp/hard/libc_nano.a(lib_a-isattyr.o)

.debug_frame    0x0000000000000000      0xc30
 .debug_frame   0x0000000000000000       0x2c ./Src/main.o
 .debug_frame   0x000000000000002c      0x2ac ./Src/syscalls.o
 .debug_frame   0x00000000000002d8       0x34 ./Src/sysmem.o
 .debug_frame   0x000000000000030c      0x100 ./Src/uart.o
 .debug_frame   0x000000000000040c       0x20 /usr/lib/gcc/arm-none-eabi/12.2.0/../../../../arm-none-eabi/lib/thumb/v7e-m+dp/hard/libc_nano.a(lib_a-errno.o)
 .debug_frame   0x000000000000042c       0x2c /usr/lib/gcc/arm-none-eabi/12.2.0/../../../../arm-none-eabi/lib/thumb/v7e-m+dp/hard/libc_nano.a(lib_a-init.o)
 .debug_frame   0x0000000000000458       0x20 /usr/lib/gcc/arm-none-eabi/12.2.0/../../../../arm-none-eabi/lib/thumb/v7e-m+dp/hard/libc_nano.a(lib_a-memset.o)
 .debug_frame   0x0000000000000478       0x74 /usr/lib/gcc/arm-none-eabi/12.2.0/../../../../arm-none-eabi/lib/thumb/v7e-m+dp/hard/libc_nano.a(lib_a-printf.o)
 .debug_frame   0x00000000000004ec      0x14c /usr/lib/gcc/arm-none-eabi/12.2.0/../../../../arm-none-eabi/lib/thumb/v7e-m+dp/hard/libc_nano.a(lib_a-findfp.o)
 .debug_frame   0x0000000000000638       0x54 /usr/lib/gcc/arm-none-eabi/12.2.0/../../../../arm-none-eabi/lib/thumb/v7e-m+dp/hard/libc_nano.a(lib_a-fwalk.o)
 .debug_frame   0x000000000000068c       0xb0 /usr/lib/gcc/arm-none-eabi/12.2.0/../../../../arm-none-eabi/lib/thumb/v7e-m+dp/hard/libc_nano.a(lib_a-lock.o)
 .debug_frame   0x000000000000073c       0x4c /usr/lib/gcc/arm-none-eabi/12.2.0/../../../../arm-none-eabi/lib/thumb/v7e-m+dp/hard/libc_nano.a(lib_a-nano-mallocr.o)
 .debug_frame   0x0000000000000788       0xa8 /usr/lib/gcc/arm-none-eabi/12.2.0/../../../../arm-none-eabi/lib/thumb/v7e-m+dp/hard/libc_nano.a(lib_a-nano-vfprintf.o)
 .debug_frame   0x0000000000000830       0x2c /usr/lib/gcc/arm-none-eabi/12.2.0/../../../../arm-none-eabi/lib/thumb/v7e-m+dp/hard/libc_nano.a(lib_a-sbrkr.o)
 .debug_frame   0x000000000000085c       0x88 /usr/lib/gcc/arm-none-eabi/12.2.0/../../../../arm-none-eabi/lib/thumb/v7e-m+dp/hard/libc_nano.a(lib_a-stdio.o)
 .debug_frame   0x00000000000008e4       0x40 /usr/lib/gcc/arm-none-eabi/12.2.0/../../../../arm-none-eabi/lib/thumb/v7e-m+dp/hard/libc_nano.a(lib_a-wbuf.o)
 .debug_frame   0x0000000000000924       0x2c /usr/lib/gcc/arm-none-eabi/12.2.0/../../../../arm-none-eabi/lib/thumb/v7e-m+dp/hard/libc_nano.a(lib_a-writer.o)
 .debug_frame   0x0000000000000950       0x2c /usr/lib/gcc/arm-none-eabi/12.2.0/../../../../arm-none-eabi/lib/thumb/v7e-m+dp/hard/libc_nano.a(lib_a-wsetup.o)
 .debug_frame   0x000000000000097c       0x2c /usr/lib/gcc/arm-none-eabi/12.2.0/../../../../arm-none-eabi/lib/thumb/v7e-m+dp/hard/libc_nano.a(lib_a-closer.o)
 .debug_frame   0x00000000000009a8       0x5c /usr/lib/gcc/arm-none-eabi/12.2.0/../../../../arm-none-eabi/lib/thumb/v7e-m+dp/hard/libc_nano.a(lib_a-fflush.o)
 .debug_frame   0x0000000000000a04       0x2c /usr/lib/gcc/arm-none-eabi/12.2.0/../../../../arm-none-eabi/lib/thumb/v7e-m+dp/hard/libc_nano.a(lib_a-lseekr.o)
 .debug_frame   0x0000000000000a30       0x58 /usr/lib/gcc/arm-none-eabi/12.2.0/../../../../arm-none-eabi/lib/thumb/v7e-m+dp/hard/libc_nano.a(lib_a-makebuf.o)
 .debug_frame   0x0000000000000a88       0x30 /usr/lib/gcc/arm-none-eabi/12.2.0/../../../../arm-none-eabi/lib/thumb/v7e-m+dp/hard/libc_nano.a(lib_a-mlock.o)
 .debug_frame   0x0000000000000ab8       0x38 /usr/lib/gcc/arm-none-eabi/12.2.0/../../../../arm-none-eabi/lib/thumb/v7e-m+dp/hard/libc_nano.a(lib_a-nano-freer.o)
 .debug_frame   0x0000000000000af0       0x60 /usr/lib/gcc/arm-none-eabi/12.2.0/../../../../arm-none-eabi/lib/thumb/v7e-m+dp/hard/libc_nano.a(lib_a-nano-vfprintf_i.o)
 .debug_frame   0x0000000000000b50       0x2c /usr/lib/gcc/arm-none-eabi/12.2.0/../../../../arm-none-eabi/lib/thumb/v7e-m+dp/hard/libc_nano.a(lib_a-readr.o)
 .debug_frame   0x0000000000000b7c       0x5c /usr/lib/gcc/arm-none-eabi/12.2.0/../../../../arm-none-eabi/lib/thumb/v7e-m+dp/hard/libc_nano.a(lib_a-reent.o)
 .debug_frame   0x0000000000000bd8       0x2c /usr/lib/gcc/arm-none-eabi/12.2.0/../../../../arm-none-eabi/lib/thumb/v7e-m+dp/hard/libc_nano.a(lib_a-fstatr.o)
 .debug_frame   0x0000000000000c04       0x2c /usr/lib/gcc/arm-none-eabi/12.2.0/../../../../arm-none-eabi/lib/thumb/v7e-m+dp/hard/libc_nano.a(lib_a-isattyr.o)

.debug_line_str
                0x0000000000000000       0xb9
 .debug_line_str
                0x0000000000000000       0x67 ./Startup/startup_stm32h750xbhx.o
 .debug_line_str
                0x0000000000000067       0x52 /usr/lib/gcc/arm-none-eabi/12.2.0/../../../../arm-none-eabi/lib/thumb/v7e-m+dp/hard/libc_nano.a(lib_a-memchr.o)
                                         0xa4 (size before relaxing)

.debug_loclists
                0x0000000000000000     0x18b1
 .debug_loclists
                0x0000000000000000       0x44 /usr/lib/gcc/arm-none-eabi/12.2.0/../../../../arm-none-eabi/lib/thumb/v7e-m+dp/hard/libc_nano.a(lib_a-init.o)
 .debug_loclists
                0x0000000000000044       0x47 /usr/lib/gcc/arm-none-eabi/12.2.0/../../../../arm-none-eabi/lib/thumb/v7e-m+dp/hard/libc_nano.a(lib_a-memset.o)
 .debug_loclists
                0x000000000000008b       0x4b /usr/lib/gcc/arm-none-eabi/12.2.0/../../../../arm-none-eabi/lib/thumb/v7e-m+dp/hard/libc_nano.a(lib_a-printf.o)
 .debug_loclists
                0x00000000000000d6      0x1b9 /usr/lib/gcc/arm-none-eabi/12.2.0/../../../../arm-none-eabi/lib/thumb/v7e-m+dp/hard/libc_nano.a(lib_a-findfp.o)
 .debug_loclists
                0x000000000000028f       0xef /usr/lib/gcc/arm-none-eabi/12.2.0/../../../../arm-none-eabi/lib/thumb/v7e-m+dp/hard/libc_nano.a(lib_a-fwalk.o)
 .debug_loclists
                0x000000000000037e       0x23 /usr/lib/gcc/arm-none-eabi/12.2.0/../../../../arm-none-eabi/lib/thumb/v7e-m+dp/hard/libc_nano.a(lib_a-lock.o)
 .debug_loclists
                0x00000000000003a1      0x254 /usr/lib/gcc/arm-none-eabi/12.2.0/../../../../arm-none-eabi/lib/thumb/v7e-m+dp/hard/libc_nano.a(lib_a-nano-mallocr.o)
 .debug_loclists
                0x00000000000005f5      0x3ea /usr/lib/gcc/arm-none-eabi/12.2.0/../../../../arm-none-eabi/lib/thumb/v7e-m+dp/hard/libc_nano.a(lib_a-nano-vfprintf.o)
 .debug_loclists
                0x00000000000009df       0x4c /usr/lib/gcc/arm-none-eabi/12.2.0/../../../../arm-none-eabi/lib/thumb/v7e-m+dp/hard/libc_nano.a(lib_a-sbrkr.o)
 .debug_loclists
                0x0000000000000a2b      0x203 /usr/lib/gcc/arm-none-eabi/12.2.0/../../../../arm-none-eabi/lib/thumb/v7e-m+dp/hard/libc_nano.a(lib_a-stdio.o)
 .debug_loclists
                0x0000000000000c2e       0xdf /usr/lib/gcc/arm-none-eabi/12.2.0/../../../../arm-none-eabi/lib/thumb/v7e-m+dp/hard/libc_nano.a(lib_a-wbuf.o)
 .debug_loclists
                0x0000000000000d0d       0x88 /usr/lib/gcc/arm-none-eabi/12.2.0/../../../../arm-none-eabi/lib/thumb/v7e-m+dp/hard/libc_nano.a(lib_a-writer.o)
 .debug_loclists
                0x0000000000000d95       0x4a /usr/lib/gcc/arm-none-eabi/12.2.0/../../../../arm-none-eabi/lib/thumb/v7e-m+dp/hard/libc_nano.a(lib_a-wsetup.o)
 .debug_loclists
                0x0000000000000ddf       0x4c /usr/lib/gcc/arm-none-eabi/12.2.0/../../../../arm-none-eabi/lib/thumb/v7e-m+dp/hard/libc_nano.a(lib_a-closer.o)
 .debug_loclists
                0x0000000000000e2b      0x1c8 /usr/lib/gcc/arm-none-eabi/12.2.0/../../../../arm-none-eabi/lib/thumb/v7e-m+dp/hard/libc_nano.a(lib_a-fflush.o)
 .debug_loclists
                0x0000000000000ff3       0x88 /usr/lib/gcc/arm-none-eabi/12.2.0/../../../../arm-none-eabi/lib/thumb/v7e-m+dp/hard/libc_nano.a(lib_a-lseekr.o)
 .debug_loclists
                0x000000000000107b      0x11f /usr/lib/gcc/arm-none-eabi/12.2.0/../../../../arm-none-eabi/lib/thumb/v7e-m+dp/hard/libc_nano.a(lib_a-makebuf.o)
 .debug_loclists
                0x000000000000119a       0x3a /usr/lib/gcc/arm-none-eabi/12.2.0/../../../../arm-none-eabi/lib/thumb/v7e-m+dp/hard/libc_nano.a(lib_a-mlock.o)
 .debug_loclists
                0x00000000000011d4       0xd4 /usr/lib/gcc/arm-none-eabi/12.2.0/../../../../arm-none-eabi/lib/thumb/v7e-m+dp/hard/libc_nano.a(lib_a-nano-freer.o)
 .debug_loclists
                0x00000000000012a8      0x3fe /usr/lib/gcc/arm-none-eabi/12.2.0/../../../../arm-none-eabi/lib/thumb/v7e-m+dp/hard/libc_nano.a(lib_a-nano-vfprintf_i.o)
 .debug_loclists
                0x00000000000016a6       0x88 /usr/lib/gcc/arm-none-eabi/12.2.0/../../../../arm-none-eabi/lib/thumb/v7e-m+dp/hard/libc_nano.a(lib_a-readr.o)
 .debug_loclists
                0x000000000000172e       0xcd /usr/lib/gcc/arm-none-eabi/12.2.0/../../../../arm-none-eabi/lib/thumb/v7e-m+dp/hard/libc_nano.a(lib_a-reent.o)
 .debug_loclists
                0x00000000000017fb       0x6a /usr/lib/gcc/arm-none-eabi/12.2.0/../../../../arm-none-eabi/lib/thumb/v7e-m+dp/hard/libc_nano.a(lib_a-fstatr.o)
 .debug_loclists
                0x0000000000001865       0x4c /usr/lib/gcc/arm-none-eabi/12.2.0/../../../../arm-none-eabi/lib/thumb/v7e-m+dp/hard/libc_nano.a(lib_a-isattyr.o)
